

================================================================
== Synthesis Summary Report of 'myproject'
================================================================
+ General Information: 
    * Date:           Mon Oct 21 14:06:52 2024
    * Version:        2020.2 (Build 3064766 on Wed Nov 18 09:12:47 MST 2020)
    * Project:        myproject_prj
    * Solution:       solution1 (Vivado IP Flow Target)
    * Product family: zynq
    * Target device:  xc7z020-clg484-1
    

+ Performance & Resource Estimates: 
    
    PS: '+' for module; 'o' for loop; '*' for dataflow
    +---------------------------------------------------------------------------------------+--------+-------+---------+-----------+----------+---------+------+----------+----------+-----------+-------------+-------------+-----+
    |                                        Modules                                        |  Issue |       | Latency |  Latency  | Iteration|         | Trip |          |          |           |             |             |     |
    |                                        & Loops                                        |  Type  | Slack | (cycles)|    (ns)   |  Latency | Interval| Count| Pipelined|   BRAM   |    DSP    |      FF     |     LUT     | URAM|
    +---------------------------------------------------------------------------------------+--------+-------+---------+-----------+----------+---------+------+----------+----------+-----------+-------------+-------------+-----+
    |+ myproject*                                                                           |  Timing|   0.05|    33341|  1.667e+05|         -|    32772|     -|  dataflow|  83 (29%)|  179 (81%)|  51952 (48%)|  20572 (38%)|    -|
    | + grp_dense_array_ap_fixed_2u_array_ap_fixed_16_6_5_3_0_6u_config18_s_fu_458          |       -|  -0.61|      568|  2.840e+03|         -|      568|     -|        no|    5 (1%)|     6 (2%)|  16843 (15%)|    3591 (6%)|    -|
    |  o DataPrepare                                                                        |       -|  -4.38|       36|    180.000|         2|        1|    36|       yes|         -|          -|            -|            -|    -|
    |  o Product1                                                                           |       -|  -4.38|       75|    375.000|         5|        1|    72|       yes|         -|          -|            -|            -|    -|
    |  o ResetAccum                                                                         |       -|  -4.38|        6|     30.000|         1|        1|     6|       yes|         -|          -|            -|            -|    -|
    |  o Accum1_Accum2                                                                      |       -|  -4.38|      435|  2.175e+03|         5|        1|   432|       yes|         -|          -|            -|            -|    -|
    |  o Result                                                                             |       -|  -4.38|        6|     30.000|         1|        1|     6|       yes|         -|          -|            -|            -|    -|
    | + grp_conv_2d_cl_array_ap_fixed_3u_array_ap_fixed_16_6_5_3_0_4u_config2_s_fu_466      |  Timing|   0.05|    32771|  1.639e+05|         -|    32771|     -|        no|         -|   76 (34%)|    9097 (8%)|    2731 (5%)|    -|
    |  + grp_compute_output_buffer_2d_array_array_ap_fixed_16_6_5_3_0_4u_config2_s_fu_141   |  Timing|   0.05|        8|     40.000|         -|        8|     -|       yes|         -|   76 (34%)|    9054 (8%)|    2562 (4%)|    -|
    |   + grp_dense_latency_ap_fixed_16_6_5_3_0_ap_fixed_16_6_5_3_0_config2_mult_s_fu_137   |       -|  -0.21|        5|     25.000|         -|        1|     -|       yes|         -|   76 (34%)|    7839 (7%)|    1729 (3%)|    -|
    |   + call_ln286_shift_line_buffer_array_ap_fixed_16_6_5_3_0_3u_config2_s_fu_195        |      II|  -1.14|        0|      0.000|         -|        1|     -|       yes|         -|          -|    385 (~0%)|    354 (~0%)|    -|
    |  o ReadInputHeight_ReadInputWidth                                                     |      II|  -4.38|    32769|  1.638e+05|        10|        8|  4096|       yes|         -|          -|            -|            -|    -|
    | + grp_dense_array_ap_fixed_6u_array_ap_fixed_16_6_5_3_0_24u_config22_s_fu_547         |       -|  -0.02|      211|  1.055e+03|         -|      211|     -|        no|   23 (8%)|   24 (10%)|    6800 (6%)|    3013 (5%)|    -|
    |  o Product1                                                                           |       -|  -4.38|        9|     45.000|         5|        1|     6|       yes|         -|          -|            -|            -|    -|
    |  o ResetAccum                                                                         |       -|  -4.38|       24|    120.000|         1|        1|    24|       yes|         -|          -|            -|            -|    -|
    |  o Accum1_Accum2                                                                      |       -|  -4.38|      146|    730.000|         4|        1|   144|       yes|         -|          -|            -|            -|    -|
    |  o Result                                                                             |       -|  -4.38|       24|    120.000|         1|        1|    24|       yes|         -|          -|            -|            -|    -|
    | + grp_conv_2d_cl_array_ap_fixed_4u_array_ap_fixed_16_6_5_3_0_2u_config7_s_fu_555      |  Timing|   0.05|     7691|  3.846e+04|         -|     7691|     -|        no|         -|   43 (19%)|    6257 (5%)|    2518 (4%)|    -|
    |  + grp_compute_output_buffer_2d_array_array_ap_fixed_16_6_5_3_0_2u_config7_s_fu_161   |  Timing|   0.05|        8|     40.000|         -|        8|     -|       yes|         -|   43 (19%)|    6220 (5%)|    2351 (4%)|    -|
    |   + grp_dense_latency_ap_fixed_16_6_5_3_0_ap_fixed_16_6_5_3_0_config7_mult_s_fu_163   |       -|  -0.24|        5|     25.000|         -|        1|     -|       yes|         -|   43 (19%)|    4781 (4%)|    1409 (2%)|    -|
    |   + call_ln286_shift_line_buffer_array_ap_fixed_16_6_5_3_0_4u_config7_s_fu_237        |      II|  -1.14|        0|      0.000|         -|        1|     -|       yes|         -|          -|    513 (~0%)|    463 (~0%)|    -|
    |  o ReadInputHeight_ReadInputWidth                                                     |      II|  -4.38|     7689|  3.844e+04|        10|        8|   961|       yes|         -|          -|            -|            -|    -|
    | + grp_conv_2d_cl_array_ap_fixed_2u_array_ap_fixed_16_6_5_3_0_2u_config12_s_fu_655     |  Timing|   0.05|     1571|  7.855e+03|         -|     1571|     -|        no|         -|   22 (10%)|    3311 (3%)|    1534 (2%)|    -|
    |  + grp_compute_output_buffer_2d_array_array_ap_fixed_16_6_5_3_0_2u_config12_s_fu_107  |  Timing|   0.05|        8|     40.000|         -|        8|     -|       yes|         -|   22 (10%)|    3278 (3%)|    1365 (2%)|    -|
    |   + grp_dense_latency_ap_fixed_16_6_5_3_0_ap_fixed_16_6_5_3_0_config12_mult_s_fu_103  |       -|  -0.38|        5|     25.000|         -|        1|     -|       yes|         -|   22 (10%)|    2399 (2%)|     677 (1%)|    -|
    |   + call_ln286_shift_line_buffer_array_ap_fixed_16_6_5_3_0_2u_config12_s_fu_137       |      II|  -1.14|        0|      0.000|         -|        1|     -|       yes|         -|          -|    273 (~0%)|    209 (~0%)|    -|
    |  o ReadInputHeight_ReadInputWidth                                                     |      II|  -4.38|     1569|  7.845e+03|        10|        8|   196|       yes|         -|          -|            -|            -|    -|
    | + grp_dense_array_ap_fixed_24u_array_ap_fixed_16_6_5_3_0_4u_config26_s_fu_709         |       -|  -0.14|      139|    695.000|         -|      139|     -|        no|    3 (1%)|     4 (1%)|    2680 (2%)|    1200 (2%)|    -|
    |  o Product1                                                                           |       -|  -4.38|       26|    130.000|         4|        1|    24|       yes|         -|          -|            -|            -|    -|
    |  o ResetAccum                                                                         |       -|  -4.38|        4|     20.000|         1|        1|     4|       yes|         -|          -|            -|            -|    -|
    |  o Accum1_Accum2                                                                      |       -|  -4.38|       97|    485.000|         3|        1|    96|       yes|         -|          -|            -|            -|    -|
    |  o Result                                                                             |       -|  -4.38|        4|     20.000|         1|        1|     4|       yes|         -|          -|            -|            -|    -|
    | + grp_relu_array_ap_fixed_24u_array_ap_fixed_16_6_5_3_0_24u_relu_config25_s_fu_717    |       -|  -1.19|        2|     10.000|         -|        2|     -|        no|         -|          -|    1109 (1%)|     730 (1%)|    -|
    | + grp_softmax_array_array_ap_fixed_16_6_5_3_0_4u_softmax_config28_s_fu_723            |       -|  -0.16|       13|     65.000|         -|       13|     -|        no|    4 (1%)|     4 (1%)|    553 (~0%)|     599 (1%)|    -|
    |  + grp_softmax_stable_array_array_ap_fixed_16_6_5_3_0_4u_softmax_config28_s_fu_24     |       -|  -0.16|       11|     55.000|         -|       11|     -|        no|    4 (1%)|     4 (1%)|    548 (~0%)|     557 (1%)|    -|
    | + grp_pooling2d_cl_array_ap_fixed_4u_array_ap_fixed_16_6_5_3_0_4u_config6_s_fu_734    |       -|  -0.23|     3849|  1.924e+04|         -|     3849|     -|        no|         -|          -|   1054 (~0%)|    1049 (1%)|    -|
    |  o ReadInputHeight_ReadInputWidth                                                     |       -|  -4.38|     3847|  1.924e+04|         5|        1|  3844|       yes|         -|          -|            -|            -|    -|
    | + grp_pooling2d_cl_array_ap_fixed_2u_array_ap_fixed_16_6_5_3_0_2u_config11_s_fu_772   |       -|  -0.23|      846|  4.230e+03|         -|      846|     -|        no|         -|          -|    700 (~0%)|     799 (1%)|    -|
    |  o ReadInputHeight_ReadInputWidth                                                     |       -|  -4.38|      844|  4.220e+03|         5|        1|   841|       yes|         -|          -|            -|            -|    -|
    | + grp_pooling2d_cl_array_ap_fixed_2u_array_ap_fixed_16_6_5_3_0_2u_config16_s_fu_798   |       -|  -0.23|      149|    745.000|         -|      149|     -|        no|         -|          -|    698 (~0%)|     801 (1%)|    -|
    |  o ReadInputHeight_ReadInputWidth                                                     |       -|  -4.38|      147|    735.000|         5|        1|   144|       yes|         -|          -|            -|            -|    -|
    | + grp_relu_array_ap_fixed_6u_array_ap_fixed_16_6_5_3_0_6u_relu_config21_s_fu_824      |       -|  -1.19|        2|     10.000|         -|        2|     -|        no|         -|          -|    281 (~0%)|    226 (~0%)|    -|
    | + grp_relu_array_ap_fixed_4u_array_ap_fixed_16_6_5_3_0_4u_relu_config5_s_fu_830       |       -|  -1.19|     3848|  1.924e+04|         -|     3848|     -|        no|         -|          -|    270 (~0%)|    263 (~0%)|    -|
    |  o ReLUActLoop                                                                        |       -|  -4.38|     3846|  1.923e+04|         4|        1|  3844|       yes|         -|          -|            -|            -|    -|
    | + grp_relu_array_ap_fixed_2u_array_ap_fixed_16_6_5_3_0_2u_relu_config10_s_fu_836      |       -|  -1.19|      845|  4.225e+03|         -|      845|     -|        no|         -|          -|    176 (~0%)|    207 (~0%)|    -|
    |  o ReLUActLoop                                                                        |       -|  -4.38|      843|  4.215e+03|         4|        1|   841|       yes|         -|          -|            -|            -|    -|
    | + grp_relu_array_ap_fixed_2u_array_ap_fixed_16_6_5_3_0_2u_relu_config15_s_fu_842      |       -|  -1.19|      148|    740.000|         -|      148|     -|        no|         -|          -|    174 (~0%)|    209 (~0%)|    -|
    |  o ReLUActLoop                                                                        |       -|  -4.38|      146|    730.000|         4|        1|   144|       yes|         -|          -|            -|            -|    -|
    +---------------------------------------------------------------------------------------+--------+-------+---------+-----------+----------+---------+------+----------+----------+-----------+-------------+-------------+-----+

