

================================================================
== Vitis HLS Report for 'dense_array_ap_fixed_2u_array_ap_fixed_16_6_5_3_0_6u_config18_s'
================================================================
* Date:           Mon Oct 21 14:06:43 2024

* Version:        2020.2 (Build 3064766 on Wed Nov 18 09:12:47 MST 2020)
* Project:        myproject_prj
* Solution:       solution1 (Vivado IP Flow Target)
* Product family: zynq
* Target device:  xc7z020-clg484-1


================================================================
== Performance Estimates
================================================================
+ Timing: 
    * Summary: 
    +--------+---------+----------+------------+
    |  Clock |  Target | Estimated| Uncertainty|
    +--------+---------+----------+------------+
    |ap_clk  |  5.00 ns|  3.760 ns|     0.62 ns|
    +--------+---------+----------+------------+

+ Latency: 
    * Summary: 
    +---------+---------+----------+----------+-----+-----+---------+
    |  Latency (cycles) |  Latency (absolute) |  Interval | Pipeline|
    |   min   |   max   |    min   |    max   | min | max |   Type  |
    +---------+---------+----------+----------+-----+-----+---------+
    |      568|      568|  2.840 us|  2.840 us|  568|  568|     none|
    +---------+---------+----------+----------+-----+-----+---------+

    + Detail: 
        * Instance: 
        N/A

        * Loop: 
        +-----------------+---------+---------+----------+-----------+-----------+------+----------+
        |                 |  Latency (cycles) | Iteration|  Initiation Interval  | Trip |          |
        |    Loop Name    |   min   |   max   |  Latency |  achieved |   target  | Count| Pipelined|
        +-----------------+---------+---------+----------+-----------+-----------+------+----------+
        |- DataPrepare    |       36|       36|         2|          1|          1|    36|       yes|
        |- Product1       |       75|       75|         5|          1|          1|    72|       yes|
        |- ResetAccum     |        6|        6|         1|          1|          1|     6|       yes|
        |- Accum1_Accum2  |      435|      435|         5|          1|          1|   432|       yes|
        |- Result         |        6|        6|         1|          1|          1|     6|       yes|
        +-----------------+---------+---------+----------+-----------+-----------+------+----------+



================================================================
== Utilization Estimates
================================================================
* Summary: 
+-----------------+---------+-----+--------+-------+-----+
|       Name      | BRAM_18K| DSP |   FF   |  LUT  | URAM|
+-----------------+---------+-----+--------+-------+-----+
|DSP              |        -|    -|       -|      -|    -|
|Expression       |        -|    -|       0|    323|    -|
|FIFO             |        -|    -|       -|      -|    -|
|Instance         |        -|    6|    7857|   2716|    -|
|Memory           |        5|    -|       0|      0|    -|
|Multiplexer      |        -|    -|       -|    424|    -|
|Register         |        -|    -|    8986|    128|    -|
+-----------------+---------+-----+--------+-------+-----+
|Total            |        5|    6|   16843|   3591|    0|
+-----------------+---------+-----+--------+-------+-----+
|Available        |      280|  220|  106400|  53200|    0|
+-----------------+---------+-----+--------+-------+-----+
|Utilization (%)  |        1|    2|      15|      6|    0|
+-----------------+---------+-----+--------+-------+-----+

+ Detail: 
    * Instance: 
    +-------------------------+--------------------+---------+----+------+------+-----+
    |         Instance        |       Module       | BRAM_18K| DSP|  FF  |  LUT | URAM|
    +-------------------------+--------------------+---------+----+------+------+-----+
    |mul_16s_11s_26_2_0_U356  |mul_16s_11s_26_2_0  |        0|   1|    67|     2|    0|
    |mul_16s_11s_26_2_0_U357  |mul_16s_11s_26_2_0  |        0|   1|    67|     2|    0|
    |mul_16s_11s_26_2_0_U358  |mul_16s_11s_26_2_0  |        0|   1|    67|     2|    0|
    |mul_16s_11s_26_2_0_U359  |mul_16s_11s_26_2_0  |        0|   1|    67|     2|    0|
    |mul_16s_11s_26_2_0_U360  |mul_16s_11s_26_2_0  |        0|   1|    67|     2|    0|
    |mul_16s_11s_26_2_0_U361  |mul_16s_11s_26_2_0  |        0|   1|    67|     2|    0|
    |mux_4329_16_2_1_U364     |mux_4329_16_2_1     |        0|   0|  7455|  2274|    0|
    |mux_63_16_1_1_U363       |mux_63_16_1_1       |        0|   0|     0|    31|    0|
    |mux_63_16_1_1_U365       |mux_63_16_1_1       |        0|   0|     0|    31|    0|
    |mux_63_16_1_1_U366       |mux_63_16_1_1       |        0|   0|     0|    31|    0|
    |mux_727_16_1_1_U362      |mux_727_16_1_1      |        0|   0|     0|   337|    0|
    +-------------------------+--------------------+---------+----+------+------+-----+
    |Total                    |                    |        0|   6|  7857|  2716|    0|
    +-------------------------+--------------------+---------+----+------+------+-----+

    * DSP: 
    N/A

    * Memory: 
    +---------+-----------------------------------------------------------------------+---------+---+----+-----+------+-----+------+-------------+
    |  Memory |                                 Module                                | BRAM_18K| FF| LUT| URAM| Words| Bits| Banks| W*Bits*Banks|
    +---------+-----------------------------------------------------------------------+---------+---+----+-----+------+-----+------+-------------+
    |w18_V_U  |dense_array_ap_fixed_2u_array_ap_fixed_16_6_5_3_0_6u_config18_s_w18_V  |        5|  0|   0|    0|   432|   11|     1|         4752|
    +---------+-----------------------------------------------------------------------+---------+---+----+-----+------+-----+------+-------------+
    |Total    |                                                                       |        5|  0|   0|    0|   432|   11|     1|         4752|
    +---------+-----------------------------------------------------------------------+---------+---+----+-----+------+-----+------+-------------+

    * FIFO: 
    N/A

    * Expression: 
    +---------------------------+----------+----+---+----+------------+------------+
    |       Variable Name       | Operation| DSP| FF| LUT| Bitwidth P0| Bitwidth P1|
    +---------------------------+----------+----+---+----+------------+------------+
    |acc_V_0_2_fu_14448_p2      |         +|   0|  0|  23|          16|          16|
    |add_ln33_fu_8944_p2        |         +|   0|  0|  14|           6|           1|
    |add_ln37_fu_9330_p2        |         +|   0|  0|  14|           7|           1|
    |add_ln41_2_fu_9372_p2      |         +|   0|  0|  14|           9|           2|
    |add_ln41_3_fu_9378_p2      |         +|   0|  0|  14|           9|           2|
    |add_ln41_4_fu_9384_p2      |         +|   0|  0|  14|           9|           3|
    |add_ln41_5_fu_9390_p2      |         +|   0|  0|  14|           9|           3|
    |add_ln48_fu_12045_p2       |         +|   0|  0|  11|           3|           1|
    |add_ln54_2_fu_12203_p2     |         +|   0|  0|  14|           7|           1|
    |add_ln54_fu_12147_p2       |         +|   0|  0|  14|           9|           1|
    |add_ln56_fu_12221_p2       |         +|   0|  0|  11|           3|           1|
    |add_ln64_fu_14482_p2       |         +|   0|  0|  11|           3|           1|
    |add_ln703_fu_12260_p2      |         +|   0|  0|  14|           9|           9|
    |sub_ln41_fu_9366_p2        |         -|   0|  0|  14|           9|           9|
    |sub_ln57_2_fu_12245_p2     |         -|   0|  0|  14|           9|           9|
    |sub_ln57_fu_12177_p2       |         -|   0|  0|  14|           9|           9|
    |ap_block_pp0_stage0_11001  |       and|   0|  0|   2|           1|           1|
    |icmp_ln33_fu_8950_p2       |      icmp|   0|  0|  10|           6|           6|
    |icmp_ln37_fu_9336_p2       |      icmp|   0|  0|  10|           7|           7|
    |icmp_ln48_fu_12069_p2      |      icmp|   0|  0|   8|           3|           3|
    |icmp_ln54_fu_12183_p2      |      icmp|   0|  0|  11|           9|           8|
    |icmp_ln56_fu_12189_p2      |      icmp|   0|  0|   8|           3|           3|
    |icmp_ln64_fu_14488_p2      |      icmp|   0|  0|   8|           3|           3|
    |ap_block_state1            |        or|   0|  0|   2|           1|           1|
    |or_ln41_fu_9400_p2         |        or|   0|  0|   9|           9|           1|
    |select_ln54_3_fu_12251_p3  |    select|   0|  0|   9|           1|           9|
    |select_ln54_4_fu_12213_p3  |    select|   0|  0|   7|           1|           7|
    |select_ln54_fu_12195_p3    |    select|   0|  0|   3|           1|           1|
    |ap_enable_pp0              |       xor|   0|  0|   2|           1|           2|
    |ap_enable_pp1              |       xor|   0|  0|   2|           1|           2|
    |ap_enable_pp3              |       xor|   0|  0|   2|           1|           2|
    |ap_enable_reg_pp0_iter1    |       xor|   0|  0|   2|           2|           1|
    |ap_enable_reg_pp1_iter1    |       xor|   0|  0|   2|           2|           1|
    |ap_enable_reg_pp3_iter1    |       xor|   0|  0|   2|           2|           1|
    +---------------------------+----------+----+---+----+------------+------------+
    |Total                      |          |   0|  0| 323|         180|         128|
    +---------------------------+----------+----+---+----+------------+------------+

    * Multiplexer: 
    +-----------------------------------+----+-----------+-----+-----------+
    |                Name               | LUT| Input Size| Bits| Total Bits|
    +-----------------------------------+----+-----------+-----+-----------+
    |acc_V_5_10_fu_2532                 |   9|          2|   16|         32|
    |acc_V_5_11_fu_2536                 |   9|          2|   16|         32|
    |acc_V_5_3_fu_2540                  |   9|          2|   16|         32|
    |acc_V_5_7_fu_2520                  |   9|          2|   16|         32|
    |acc_V_5_8_fu_2524                  |   9|          2|   16|         32|
    |acc_V_5_9_fu_2528                  |   9|          2|   16|         32|
    |ap_NS_fsm                          |  65|         12|    1|         12|
    |ap_done                            |   9|          2|    1|          2|
    |ap_enable_reg_pp0_iter1            |  14|          3|    1|          3|
    |ap_enable_reg_pp1_iter1            |   9|          2|    1|          2|
    |ap_enable_reg_pp1_iter4            |   9|          2|    1|          2|
    |ap_enable_reg_pp3_iter1            |   9|          2|    1|          2|
    |ap_enable_reg_pp3_iter4            |   9|          2|    1|          2|
    |ap_phi_mux_i_in_phi_fu_2658_p4     |   9|          2|    6|         12|
    |ap_phi_mux_ii_phi_fu_2670_p4       |   9|          2|    7|         14|
    |ap_sig_allocacmp_acc_V_5_10_load   |   9|          2|   16|         32|
    |ap_sig_allocacmp_acc_V_5_11_load   |   9|          2|   16|         32|
    |ap_sig_allocacmp_acc_V_5_3_load_1  |   9|          2|   16|         32|
    |ap_sig_allocacmp_acc_V_5_7_load    |   9|          2|   16|         32|
    |ap_sig_allocacmp_acc_V_5_8_load    |   9|          2|   16|         32|
    |ap_sig_allocacmp_acc_V_5_9_load    |   9|          2|   16|         32|
    |grp_load_fu_8926_p1                |  14|          3|   16|         48|
    |grp_load_fu_8929_p1                |  14|          3|   16|         48|
    |grp_load_fu_8932_p1                |  14|          3|   16|         48|
    |grp_load_fu_8935_p1                |  14|          3|   16|         48|
    |grp_load_fu_8938_p1                |  14|          3|   16|         48|
    |grp_load_fu_8941_p1                |  14|          3|   16|         48|
    |i_in_reg_2654                      |   9|          2|    6|         12|
    |iacc_reg_2678                      |   9|          2|    3|          6|
    |ii_2_reg_2700                      |   9|          2|    7|         14|
    |ii_reg_2666                        |   9|          2|    7|         14|
    |indvar_flatten_reg_2689            |   9|          2|    9|         18|
    |ires_reg_2722                      |   9|          2|    3|          6|
    |jj_reg_2711                        |   9|          2|    3|          6|
    |layer16_out_blk_n                  |   9|          2|    1|          2|
    |layer18_out_blk_n                  |   9|          2|    1|          2|
    |real_start                         |   9|          2|    1|          2|
    +-----------------------------------+----+-----------+-----+-----------+
    |Total                              | 424|         91|  349|        805|
    +-----------------------------------+----+-----------+-----+-----------+

    * Register: 
    +---------------------------+----+----+-----+-----------+
    |            Name           | FF | LUT| Bits| Const Bits|
    +---------------------------+----+----+-----+-----------+
    |a_V_reg_17679              |  16|   0|   16|          0|
    |acc_V_5_10_fu_2532         |  16|   0|   16|          0|
    |acc_V_5_11_fu_2536         |  16|   0|   16|          0|
    |acc_V_5_1_fu_2500          |  16|   0|   16|          0|
    |acc_V_5_1_load_reg_17800   |  16|   0|   16|          0|
    |acc_V_5_2_fu_2504          |  16|   0|   16|          0|
    |acc_V_5_2_load_reg_17805   |  16|   0|   16|          0|
    |acc_V_5_3_fu_2540          |  16|   0|   16|          0|
    |acc_V_5_4_fu_2508          |  16|   0|   16|          0|
    |acc_V_5_4_load_reg_17810   |  16|   0|   16|          0|
    |acc_V_5_5_fu_2512          |  16|   0|   16|          0|
    |acc_V_5_5_load_reg_17815   |  16|   0|   16|          0|
    |acc_V_5_6_fu_2516          |  16|   0|   16|          0|
    |acc_V_5_6_load_reg_17820   |  16|   0|   16|          0|
    |acc_V_5_7_fu_2520          |  16|   0|   16|          0|
    |acc_V_5_8_fu_2524          |  16|   0|   16|          0|
    |acc_V_5_9_fu_2528          |  16|   0|   16|          0|
    |acc_V_5_fu_2496            |  16|   0|   16|          0|
    |acc_V_5_load_reg_17795     |  16|   0|   16|          0|
    |add_ln33_reg_15009         |   6|   0|    6|          0|
    |add_ln37_reg_17610         |   7|   0|    7|          0|
    |add_ln41_2_reg_17625       |   8|   0|    9|          1|
    |add_ln41_3_reg_17630       |   8|   0|    9|          1|
    |add_ln41_4_reg_17635       |   8|   0|    9|          1|
    |add_ln41_5_reg_17640       |   8|   0|    9|          1|
    |add_ln54_2_reg_17895       |   7|   0|    7|          0|
    |add_ln703_reg_17915        |   9|   0|    9|          0|
    |ap_CS_fsm                  |  11|   0|   11|          0|
    |ap_done_reg                |   1|   0|    1|          0|
    |ap_enable_reg_pp0_iter0    |   1|   0|    1|          0|
    |ap_enable_reg_pp0_iter1    |   1|   0|    1|          0|
    |ap_enable_reg_pp1_iter0    |   1|   0|    1|          0|
    |ap_enable_reg_pp1_iter1    |   1|   0|    1|          0|
    |ap_enable_reg_pp1_iter2    |   1|   0|    1|          0|
    |ap_enable_reg_pp1_iter3    |   1|   0|    1|          0|
    |ap_enable_reg_pp1_iter4    |   1|   0|    1|          0|
    |ap_enable_reg_pp3_iter0    |   1|   0|    1|          0|
    |ap_enable_reg_pp3_iter1    |   1|   0|    1|          0|
    |ap_enable_reg_pp3_iter2    |   1|   0|    1|          0|
    |ap_enable_reg_pp3_iter3    |   1|   0|    1|          0|
    |ap_enable_reg_pp3_iter4    |   1|   0|    1|          0|
    |data_V_70_10_fu_560        |  16|   0|   16|          0|
    |data_V_70_11_fu_568        |  16|   0|   16|          0|
    |data_V_70_12_fu_576        |  16|   0|   16|          0|
    |data_V_70_13_fu_584        |  16|   0|   16|          0|
    |data_V_70_14_fu_592        |  16|   0|   16|          0|
    |data_V_70_15_fu_600        |  16|   0|   16|          0|
    |data_V_70_16_fu_608        |  16|   0|   16|          0|
    |data_V_70_17_fu_616        |  16|   0|   16|          0|
    |data_V_70_18_fu_624        |  16|   0|   16|          0|
    |data_V_70_19_fu_632        |  16|   0|   16|          0|
    |data_V_70_1_fu_488         |  16|   0|   16|          0|
    |data_V_70_20_fu_640        |  16|   0|   16|          0|
    |data_V_70_21_fu_648        |  16|   0|   16|          0|
    |data_V_70_22_fu_656        |  16|   0|   16|          0|
    |data_V_70_23_fu_664        |  16|   0|   16|          0|
    |data_V_70_24_fu_672        |  16|   0|   16|          0|
    |data_V_70_25_fu_680        |  16|   0|   16|          0|
    |data_V_70_26_fu_688        |  16|   0|   16|          0|
    |data_V_70_27_fu_696        |  16|   0|   16|          0|
    |data_V_70_28_fu_704        |  16|   0|   16|          0|
    |data_V_70_29_fu_712        |  16|   0|   16|          0|
    |data_V_70_2_fu_496         |  16|   0|   16|          0|
    |data_V_70_30_fu_720        |  16|   0|   16|          0|
    |data_V_70_31_fu_728        |  16|   0|   16|          0|
    |data_V_70_32_fu_736        |  16|   0|   16|          0|
    |data_V_70_33_fu_744        |  16|   0|   16|          0|
    |data_V_70_34_fu_752        |  16|   0|   16|          0|
    |data_V_70_35_fu_760        |  16|   0|   16|          0|
    |data_V_70_3_fu_504         |  16|   0|   16|          0|
    |data_V_70_4_fu_512         |  16|   0|   16|          0|
    |data_V_70_5_fu_520         |  16|   0|   16|          0|
    |data_V_70_6_fu_528         |  16|   0|   16|          0|
    |data_V_70_7_fu_536         |  16|   0|   16|          0|
    |data_V_70_8_fu_544         |  16|   0|   16|          0|
    |data_V_70_9_fu_552         |  16|   0|   16|          0|
    |data_V_70_fu_480           |  16|   0|   16|          0|
    |data_V_71_10_fu_564        |  16|   0|   16|          0|
    |data_V_71_11_fu_572        |  16|   0|   16|          0|
    |data_V_71_12_fu_580        |  16|   0|   16|          0|
    |data_V_71_13_fu_588        |  16|   0|   16|          0|
    |data_V_71_14_fu_596        |  16|   0|   16|          0|
    |data_V_71_15_fu_604        |  16|   0|   16|          0|
    |data_V_71_16_fu_612        |  16|   0|   16|          0|
    |data_V_71_17_fu_620        |  16|   0|   16|          0|
    |data_V_71_18_fu_628        |  16|   0|   16|          0|
    |data_V_71_19_fu_636        |  16|   0|   16|          0|
    |data_V_71_1_fu_492         |  16|   0|   16|          0|
    |data_V_71_20_fu_644        |  16|   0|   16|          0|
    |data_V_71_21_fu_652        |  16|   0|   16|          0|
    |data_V_71_22_fu_660        |  16|   0|   16|          0|
    |data_V_71_23_fu_668        |  16|   0|   16|          0|
    |data_V_71_24_fu_676        |  16|   0|   16|          0|
    |data_V_71_25_fu_684        |  16|   0|   16|          0|
    |data_V_71_26_fu_692        |  16|   0|   16|          0|
    |data_V_71_27_fu_700        |  16|   0|   16|          0|
    |data_V_71_28_fu_708        |  16|   0|   16|          0|
    |data_V_71_29_fu_716        |  16|   0|   16|          0|
    |data_V_71_2_fu_500         |  16|   0|   16|          0|
    |data_V_71_30_fu_724        |  16|   0|   16|          0|
    |data_V_71_31_fu_732        |  16|   0|   16|          0|
    |data_V_71_32_fu_740        |  16|   0|   16|          0|
    |data_V_71_33_fu_748        |  16|   0|   16|          0|
    |data_V_71_34_fu_756        |  16|   0|   16|          0|
    |data_V_71_35_fu_764        |  16|   0|   16|          0|
    |data_V_71_3_fu_508         |  16|   0|   16|          0|
    |data_V_71_4_fu_516         |  16|   0|   16|          0|
    |data_V_71_5_fu_524         |  16|   0|   16|          0|
    |data_V_71_6_fu_532         |  16|   0|   16|          0|
    |data_V_71_7_fu_540         |  16|   0|   16|          0|
    |data_V_71_8_fu_548         |  16|   0|   16|          0|
    |data_V_71_9_fu_556         |  16|   0|   16|          0|
    |data_V_71_fu_484           |  16|   0|   16|          0|
    |empty_84_reg_17900         |   6|   0|    6|          0|
    |i_in_reg_2654              |   6|   0|    6|          0|
    |iacc_reg_2678              |   3|   0|    3|          0|
    |icmp_ln33_reg_15014        |   1|   0|    1|          0|
    |icmp_ln37_reg_17615        |   1|   0|    1|          0|
    |icmp_ln54_reg_17880        |   1|   0|    1|          0|
    |icmp_ln56_reg_17884        |   1|   0|    1|          0|
    |ii_2_reg_2700              |   7|   0|    7|          0|
    |ii_reg_2666                |   7|   0|    7|          0|
    |ii_reg_2666_pp1_iter1_reg  |   7|   0|    7|          0|
    |indvar_flatten_reg_2689    |   9|   0|    9|          0|
    |ires_reg_2722              |   3|   0|    3|          0|
    |jj_reg_2711                |   3|   0|    3|          0|
    |mult_V_426_10_fu_1008      |  16|   0|   16|          0|
    |mult_V_426_11_fu_1032      |  16|   0|   16|          0|
    |mult_V_426_12_fu_1056      |  16|   0|   16|          0|
    |mult_V_426_13_fu_1080      |  16|   0|   16|          0|
    |mult_V_426_14_fu_1104      |  16|   0|   16|          0|
    |mult_V_426_15_fu_1128      |  16|   0|   16|          0|
    |mult_V_426_16_fu_1152      |  16|   0|   16|          0|
    |mult_V_426_17_fu_1176      |  16|   0|   16|          0|
    |mult_V_426_18_fu_1200      |  16|   0|   16|          0|
    |mult_V_426_19_fu_1224      |  16|   0|   16|          0|
    |mult_V_426_1_fu_792        |  16|   0|   16|          0|
    |mult_V_426_20_fu_1248      |  16|   0|   16|          0|
    |mult_V_426_21_fu_1272      |  16|   0|   16|          0|
    |mult_V_426_22_fu_1296      |  16|   0|   16|          0|
    |mult_V_426_23_fu_1320      |  16|   0|   16|          0|
    |mult_V_426_24_fu_1344      |  16|   0|   16|          0|
    |mult_V_426_25_fu_1368      |  16|   0|   16|          0|
    |mult_V_426_26_fu_1392      |  16|   0|   16|          0|
    |mult_V_426_27_fu_1416      |  16|   0|   16|          0|
    |mult_V_426_28_fu_1440      |  16|   0|   16|          0|
    |mult_V_426_29_fu_1464      |  16|   0|   16|          0|
    |mult_V_426_2_fu_816        |  16|   0|   16|          0|
    |mult_V_426_30_fu_1488      |  16|   0|   16|          0|
    |mult_V_426_31_fu_1512      |  16|   0|   16|          0|
    |mult_V_426_32_fu_1536      |  16|   0|   16|          0|
    |mult_V_426_33_fu_1560      |  16|   0|   16|          0|
    |mult_V_426_34_fu_1584      |  16|   0|   16|          0|
    |mult_V_426_35_fu_1608      |  16|   0|   16|          0|
    |mult_V_426_36_fu_1632      |  16|   0|   16|          0|
    |mult_V_426_37_fu_1656      |  16|   0|   16|          0|
    |mult_V_426_38_fu_1680      |  16|   0|   16|          0|
    |mult_V_426_39_fu_1704      |  16|   0|   16|          0|
    |mult_V_426_3_fu_840        |  16|   0|   16|          0|
    |mult_V_426_40_fu_1728      |  16|   0|   16|          0|
    |mult_V_426_41_fu_1752      |  16|   0|   16|          0|
    |mult_V_426_42_fu_1776      |  16|   0|   16|          0|
    |mult_V_426_43_fu_1800      |  16|   0|   16|          0|
    |mult_V_426_44_fu_1824      |  16|   0|   16|          0|
    |mult_V_426_45_fu_1848      |  16|   0|   16|          0|
    |mult_V_426_46_fu_1872      |  16|   0|   16|          0|
    |mult_V_426_47_fu_1896      |  16|   0|   16|          0|
    |mult_V_426_48_fu_1920      |  16|   0|   16|          0|
    |mult_V_426_49_fu_1944      |  16|   0|   16|          0|
    |mult_V_426_4_fu_864        |  16|   0|   16|          0|
    |mult_V_426_50_fu_1968      |  16|   0|   16|          0|
    |mult_V_426_51_fu_1992      |  16|   0|   16|          0|
    |mult_V_426_52_fu_2016      |  16|   0|   16|          0|
    |mult_V_426_53_fu_2040      |  16|   0|   16|          0|
    |mult_V_426_54_fu_2064      |  16|   0|   16|          0|
    |mult_V_426_55_fu_2088      |  16|   0|   16|          0|
    |mult_V_426_56_fu_2112      |  16|   0|   16|          0|
    |mult_V_426_57_fu_2136      |  16|   0|   16|          0|
    |mult_V_426_58_fu_2160      |  16|   0|   16|          0|
    |mult_V_426_59_fu_2184      |  16|   0|   16|          0|
    |mult_V_426_5_fu_888        |  16|   0|   16|          0|
    |mult_V_426_60_fu_2208      |  16|   0|   16|          0|
    |mult_V_426_61_fu_2232      |  16|   0|   16|          0|
    |mult_V_426_62_fu_2256      |  16|   0|   16|          0|
    |mult_V_426_63_fu_2280      |  16|   0|   16|          0|
    |mult_V_426_64_fu_2304      |  16|   0|   16|          0|
    |mult_V_426_65_fu_2328      |  16|   0|   16|          0|
    |mult_V_426_66_fu_2352      |  16|   0|   16|          0|
    |mult_V_426_67_fu_2376      |  16|   0|   16|          0|
    |mult_V_426_68_fu_2400      |  16|   0|   16|          0|
    |mult_V_426_69_fu_2424      |  16|   0|   16|          0|
    |mult_V_426_6_fu_912        |  16|   0|   16|          0|
    |mult_V_426_70_fu_2448      |  16|   0|   16|          0|
    |mult_V_426_71_fu_2472      |  16|   0|   16|          0|
    |mult_V_426_7_fu_936        |  16|   0|   16|          0|
    |mult_V_426_8_fu_960        |  16|   0|   16|          0|
    |mult_V_426_9_fu_984        |  16|   0|   16|          0|
    |mult_V_426_fu_768          |  16|   0|   16|          0|
    |mult_V_427_10_fu_1012      |  16|   0|   16|          0|
    |mult_V_427_11_fu_1036      |  16|   0|   16|          0|
    |mult_V_427_12_fu_1060      |  16|   0|   16|          0|
    |mult_V_427_13_fu_1084      |  16|   0|   16|          0|
    |mult_V_427_14_fu_1108      |  16|   0|   16|          0|
    |mult_V_427_15_fu_1132      |  16|   0|   16|          0|
    |mult_V_427_16_fu_1156      |  16|   0|   16|          0|
    |mult_V_427_17_fu_1180      |  16|   0|   16|          0|
    |mult_V_427_18_fu_1204      |  16|   0|   16|          0|
    |mult_V_427_19_fu_1228      |  16|   0|   16|          0|
    |mult_V_427_1_fu_796        |  16|   0|   16|          0|
    |mult_V_427_20_fu_1252      |  16|   0|   16|          0|
    |mult_V_427_21_fu_1276      |  16|   0|   16|          0|
    |mult_V_427_22_fu_1300      |  16|   0|   16|          0|
    |mult_V_427_23_fu_1324      |  16|   0|   16|          0|
    |mult_V_427_24_fu_1348      |  16|   0|   16|          0|
    |mult_V_427_25_fu_1372      |  16|   0|   16|          0|
    |mult_V_427_26_fu_1396      |  16|   0|   16|          0|
    |mult_V_427_27_fu_1420      |  16|   0|   16|          0|
    |mult_V_427_28_fu_1444      |  16|   0|   16|          0|
    |mult_V_427_29_fu_1468      |  16|   0|   16|          0|
    |mult_V_427_2_fu_820        |  16|   0|   16|          0|
    |mult_V_427_30_fu_1492      |  16|   0|   16|          0|
    |mult_V_427_31_fu_1516      |  16|   0|   16|          0|
    |mult_V_427_32_fu_1540      |  16|   0|   16|          0|
    |mult_V_427_33_fu_1564      |  16|   0|   16|          0|
    |mult_V_427_34_fu_1588      |  16|   0|   16|          0|
    |mult_V_427_35_fu_1612      |  16|   0|   16|          0|
    |mult_V_427_36_fu_1636      |  16|   0|   16|          0|
    |mult_V_427_37_fu_1660      |  16|   0|   16|          0|
    |mult_V_427_38_fu_1684      |  16|   0|   16|          0|
    |mult_V_427_39_fu_1708      |  16|   0|   16|          0|
    |mult_V_427_3_fu_844        |  16|   0|   16|          0|
    |mult_V_427_40_fu_1732      |  16|   0|   16|          0|
    |mult_V_427_41_fu_1756      |  16|   0|   16|          0|
    |mult_V_427_42_fu_1780      |  16|   0|   16|          0|
    |mult_V_427_43_fu_1804      |  16|   0|   16|          0|
    |mult_V_427_44_fu_1828      |  16|   0|   16|          0|
    |mult_V_427_45_fu_1852      |  16|   0|   16|          0|
    |mult_V_427_46_fu_1876      |  16|   0|   16|          0|
    |mult_V_427_47_fu_1900      |  16|   0|   16|          0|
    |mult_V_427_48_fu_1924      |  16|   0|   16|          0|
    |mult_V_427_49_fu_1948      |  16|   0|   16|          0|
    |mult_V_427_4_fu_868        |  16|   0|   16|          0|
    |mult_V_427_50_fu_1972      |  16|   0|   16|          0|
    |mult_V_427_51_fu_1996      |  16|   0|   16|          0|
    |mult_V_427_52_fu_2020      |  16|   0|   16|          0|
    |mult_V_427_53_fu_2044      |  16|   0|   16|          0|
    |mult_V_427_54_fu_2068      |  16|   0|   16|          0|
    |mult_V_427_55_fu_2092      |  16|   0|   16|          0|
    |mult_V_427_56_fu_2116      |  16|   0|   16|          0|
    |mult_V_427_57_fu_2140      |  16|   0|   16|          0|
    |mult_V_427_58_fu_2164      |  16|   0|   16|          0|
    |mult_V_427_59_fu_2188      |  16|   0|   16|          0|
    |mult_V_427_5_fu_892        |  16|   0|   16|          0|
    |mult_V_427_60_fu_2212      |  16|   0|   16|          0|
    |mult_V_427_61_fu_2236      |  16|   0|   16|          0|
    |mult_V_427_62_fu_2260      |  16|   0|   16|          0|
    |mult_V_427_63_fu_2284      |  16|   0|   16|          0|
    |mult_V_427_64_fu_2308      |  16|   0|   16|          0|
    |mult_V_427_65_fu_2332      |  16|   0|   16|          0|
    |mult_V_427_66_fu_2356      |  16|   0|   16|          0|
    |mult_V_427_67_fu_2380      |  16|   0|   16|          0|
    |mult_V_427_68_fu_2404      |  16|   0|   16|          0|
    |mult_V_427_69_fu_2428      |  16|   0|   16|          0|
    |mult_V_427_6_fu_916        |  16|   0|   16|          0|
    |mult_V_427_70_fu_2452      |  16|   0|   16|          0|
    |mult_V_427_71_fu_2476      |  16|   0|   16|          0|
    |mult_V_427_7_fu_940        |  16|   0|   16|          0|
    |mult_V_427_8_fu_964        |  16|   0|   16|          0|
    |mult_V_427_9_fu_988        |  16|   0|   16|          0|
    |mult_V_427_fu_772          |  16|   0|   16|          0|
    |mult_V_428_10_fu_1016      |  16|   0|   16|          0|
    |mult_V_428_11_fu_1040      |  16|   0|   16|          0|
    |mult_V_428_12_fu_1064      |  16|   0|   16|          0|
    |mult_V_428_13_fu_1088      |  16|   0|   16|          0|
    |mult_V_428_14_fu_1112      |  16|   0|   16|          0|
    |mult_V_428_15_fu_1136      |  16|   0|   16|          0|
    |mult_V_428_16_fu_1160      |  16|   0|   16|          0|
    |mult_V_428_17_fu_1184      |  16|   0|   16|          0|
    |mult_V_428_18_fu_1208      |  16|   0|   16|          0|
    |mult_V_428_19_fu_1232      |  16|   0|   16|          0|
    |mult_V_428_1_fu_800        |  16|   0|   16|          0|
    |mult_V_428_20_fu_1256      |  16|   0|   16|          0|
    |mult_V_428_21_fu_1280      |  16|   0|   16|          0|
    |mult_V_428_22_fu_1304      |  16|   0|   16|          0|
    |mult_V_428_23_fu_1328      |  16|   0|   16|          0|
    |mult_V_428_24_fu_1352      |  16|   0|   16|          0|
    |mult_V_428_25_fu_1376      |  16|   0|   16|          0|
    |mult_V_428_26_fu_1400      |  16|   0|   16|          0|
    |mult_V_428_27_fu_1424      |  16|   0|   16|          0|
    |mult_V_428_28_fu_1448      |  16|   0|   16|          0|
    |mult_V_428_29_fu_1472      |  16|   0|   16|          0|
    |mult_V_428_2_fu_824        |  16|   0|   16|          0|
    |mult_V_428_30_fu_1496      |  16|   0|   16|          0|
    |mult_V_428_31_fu_1520      |  16|   0|   16|          0|
    |mult_V_428_32_fu_1544      |  16|   0|   16|          0|
    |mult_V_428_33_fu_1568      |  16|   0|   16|          0|
    |mult_V_428_34_fu_1592      |  16|   0|   16|          0|
    |mult_V_428_35_fu_1616      |  16|   0|   16|          0|
    |mult_V_428_36_fu_1640      |  16|   0|   16|          0|
    |mult_V_428_37_fu_1664      |  16|   0|   16|          0|
    |mult_V_428_38_fu_1688      |  16|   0|   16|          0|
    |mult_V_428_39_fu_1712      |  16|   0|   16|          0|
    |mult_V_428_3_fu_848        |  16|   0|   16|          0|
    |mult_V_428_40_fu_1736      |  16|   0|   16|          0|
    |mult_V_428_41_fu_1760      |  16|   0|   16|          0|
    |mult_V_428_42_fu_1784      |  16|   0|   16|          0|
    |mult_V_428_43_fu_1808      |  16|   0|   16|          0|
    |mult_V_428_44_fu_1832      |  16|   0|   16|          0|
    |mult_V_428_45_fu_1856      |  16|   0|   16|          0|
    |mult_V_428_46_fu_1880      |  16|   0|   16|          0|
    |mult_V_428_47_fu_1904      |  16|   0|   16|          0|
    |mult_V_428_48_fu_1928      |  16|   0|   16|          0|
    |mult_V_428_49_fu_1952      |  16|   0|   16|          0|
    |mult_V_428_4_fu_872        |  16|   0|   16|          0|
    |mult_V_428_50_fu_1976      |  16|   0|   16|          0|
    |mult_V_428_51_fu_2000      |  16|   0|   16|          0|
    |mult_V_428_52_fu_2024      |  16|   0|   16|          0|
    |mult_V_428_53_fu_2048      |  16|   0|   16|          0|
    |mult_V_428_54_fu_2072      |  16|   0|   16|          0|
    |mult_V_428_55_fu_2096      |  16|   0|   16|          0|
    |mult_V_428_56_fu_2120      |  16|   0|   16|          0|
    |mult_V_428_57_fu_2144      |  16|   0|   16|          0|
    |mult_V_428_58_fu_2168      |  16|   0|   16|          0|
    |mult_V_428_59_fu_2192      |  16|   0|   16|          0|
    |mult_V_428_5_fu_896        |  16|   0|   16|          0|
    |mult_V_428_60_fu_2216      |  16|   0|   16|          0|
    |mult_V_428_61_fu_2240      |  16|   0|   16|          0|
    |mult_V_428_62_fu_2264      |  16|   0|   16|          0|
    |mult_V_428_63_fu_2288      |  16|   0|   16|          0|
    |mult_V_428_64_fu_2312      |  16|   0|   16|          0|
    |mult_V_428_65_fu_2336      |  16|   0|   16|          0|
    |mult_V_428_66_fu_2360      |  16|   0|   16|          0|
    |mult_V_428_67_fu_2384      |  16|   0|   16|          0|
    |mult_V_428_68_fu_2408      |  16|   0|   16|          0|
    |mult_V_428_69_fu_2432      |  16|   0|   16|          0|
    |mult_V_428_6_fu_920        |  16|   0|   16|          0|
    |mult_V_428_70_fu_2456      |  16|   0|   16|          0|
    |mult_V_428_71_fu_2480      |  16|   0|   16|          0|
    |mult_V_428_7_fu_944        |  16|   0|   16|          0|
    |mult_V_428_8_fu_968        |  16|   0|   16|          0|
    |mult_V_428_9_fu_992        |  16|   0|   16|          0|
    |mult_V_428_fu_776          |  16|   0|   16|          0|
    |mult_V_429_10_fu_1020      |  16|   0|   16|          0|
    |mult_V_429_11_fu_1044      |  16|   0|   16|          0|
    |mult_V_429_12_fu_1068      |  16|   0|   16|          0|
    |mult_V_429_13_fu_1092      |  16|   0|   16|          0|
    |mult_V_429_14_fu_1116      |  16|   0|   16|          0|
    |mult_V_429_15_fu_1140      |  16|   0|   16|          0|
    |mult_V_429_16_fu_1164      |  16|   0|   16|          0|
    |mult_V_429_17_fu_1188      |  16|   0|   16|          0|
    |mult_V_429_18_fu_1212      |  16|   0|   16|          0|
    |mult_V_429_19_fu_1236      |  16|   0|   16|          0|
    |mult_V_429_1_fu_804        |  16|   0|   16|          0|
    |mult_V_429_20_fu_1260      |  16|   0|   16|          0|
    |mult_V_429_21_fu_1284      |  16|   0|   16|          0|
    |mult_V_429_22_fu_1308      |  16|   0|   16|          0|
    |mult_V_429_23_fu_1332      |  16|   0|   16|          0|
    |mult_V_429_24_fu_1356      |  16|   0|   16|          0|
    |mult_V_429_25_fu_1380      |  16|   0|   16|          0|
    |mult_V_429_26_fu_1404      |  16|   0|   16|          0|
    |mult_V_429_27_fu_1428      |  16|   0|   16|          0|
    |mult_V_429_28_fu_1452      |  16|   0|   16|          0|
    |mult_V_429_29_fu_1476      |  16|   0|   16|          0|
    |mult_V_429_2_fu_828        |  16|   0|   16|          0|
    |mult_V_429_30_fu_1500      |  16|   0|   16|          0|
    |mult_V_429_31_fu_1524      |  16|   0|   16|          0|
    |mult_V_429_32_fu_1548      |  16|   0|   16|          0|
    |mult_V_429_33_fu_1572      |  16|   0|   16|          0|
    |mult_V_429_34_fu_1596      |  16|   0|   16|          0|
    |mult_V_429_35_fu_1620      |  16|   0|   16|          0|
    |mult_V_429_36_fu_1644      |  16|   0|   16|          0|
    |mult_V_429_37_fu_1668      |  16|   0|   16|          0|
    |mult_V_429_38_fu_1692      |  16|   0|   16|          0|
    |mult_V_429_39_fu_1716      |  16|   0|   16|          0|
    |mult_V_429_3_fu_852        |  16|   0|   16|          0|
    |mult_V_429_40_fu_1740      |  16|   0|   16|          0|
    |mult_V_429_41_fu_1764      |  16|   0|   16|          0|
    |mult_V_429_42_fu_1788      |  16|   0|   16|          0|
    |mult_V_429_43_fu_1812      |  16|   0|   16|          0|
    |mult_V_429_44_fu_1836      |  16|   0|   16|          0|
    |mult_V_429_45_fu_1860      |  16|   0|   16|          0|
    |mult_V_429_46_fu_1884      |  16|   0|   16|          0|
    |mult_V_429_47_fu_1908      |  16|   0|   16|          0|
    |mult_V_429_48_fu_1932      |  16|   0|   16|          0|
    |mult_V_429_49_fu_1956      |  16|   0|   16|          0|
    |mult_V_429_4_fu_876        |  16|   0|   16|          0|
    |mult_V_429_50_fu_1980      |  16|   0|   16|          0|
    |mult_V_429_51_fu_2004      |  16|   0|   16|          0|
    |mult_V_429_52_fu_2028      |  16|   0|   16|          0|
    |mult_V_429_53_fu_2052      |  16|   0|   16|          0|
    |mult_V_429_54_fu_2076      |  16|   0|   16|          0|
    |mult_V_429_55_fu_2100      |  16|   0|   16|          0|
    |mult_V_429_56_fu_2124      |  16|   0|   16|          0|
    |mult_V_429_57_fu_2148      |  16|   0|   16|          0|
    |mult_V_429_58_fu_2172      |  16|   0|   16|          0|
    |mult_V_429_59_fu_2196      |  16|   0|   16|          0|
    |mult_V_429_5_fu_900        |  16|   0|   16|          0|
    |mult_V_429_60_fu_2220      |  16|   0|   16|          0|
    |mult_V_429_61_fu_2244      |  16|   0|   16|          0|
    |mult_V_429_62_fu_2268      |  16|   0|   16|          0|
    |mult_V_429_63_fu_2292      |  16|   0|   16|          0|
    |mult_V_429_64_fu_2316      |  16|   0|   16|          0|
    |mult_V_429_65_fu_2340      |  16|   0|   16|          0|
    |mult_V_429_66_fu_2364      |  16|   0|   16|          0|
    |mult_V_429_67_fu_2388      |  16|   0|   16|          0|
    |mult_V_429_68_fu_2412      |  16|   0|   16|          0|
    |mult_V_429_69_fu_2436      |  16|   0|   16|          0|
    |mult_V_429_6_fu_924        |  16|   0|   16|          0|
    |mult_V_429_70_fu_2460      |  16|   0|   16|          0|
    |mult_V_429_71_fu_2484      |  16|   0|   16|          0|
    |mult_V_429_7_fu_948        |  16|   0|   16|          0|
    |mult_V_429_8_fu_972        |  16|   0|   16|          0|
    |mult_V_429_9_fu_996        |  16|   0|   16|          0|
    |mult_V_429_fu_780          |  16|   0|   16|          0|
    |mult_V_430_10_fu_1024      |  16|   0|   16|          0|
    |mult_V_430_11_fu_1048      |  16|   0|   16|          0|
    |mult_V_430_12_fu_1072      |  16|   0|   16|          0|
    |mult_V_430_13_fu_1096      |  16|   0|   16|          0|
    |mult_V_430_14_fu_1120      |  16|   0|   16|          0|
    |mult_V_430_15_fu_1144      |  16|   0|   16|          0|
    |mult_V_430_16_fu_1168      |  16|   0|   16|          0|
    |mult_V_430_17_fu_1192      |  16|   0|   16|          0|
    |mult_V_430_18_fu_1216      |  16|   0|   16|          0|
    |mult_V_430_19_fu_1240      |  16|   0|   16|          0|
    |mult_V_430_1_fu_808        |  16|   0|   16|          0|
    |mult_V_430_20_fu_1264      |  16|   0|   16|          0|
    |mult_V_430_21_fu_1288      |  16|   0|   16|          0|
    |mult_V_430_22_fu_1312      |  16|   0|   16|          0|
    |mult_V_430_23_fu_1336      |  16|   0|   16|          0|
    |mult_V_430_24_fu_1360      |  16|   0|   16|          0|
    |mult_V_430_25_fu_1384      |  16|   0|   16|          0|
    |mult_V_430_26_fu_1408      |  16|   0|   16|          0|
    |mult_V_430_27_fu_1432      |  16|   0|   16|          0|
    |mult_V_430_28_fu_1456      |  16|   0|   16|          0|
    |mult_V_430_29_fu_1480      |  16|   0|   16|          0|
    |mult_V_430_2_fu_832        |  16|   0|   16|          0|
    |mult_V_430_30_fu_1504      |  16|   0|   16|          0|
    |mult_V_430_31_fu_1528      |  16|   0|   16|          0|
    |mult_V_430_32_fu_1552      |  16|   0|   16|          0|
    |mult_V_430_33_fu_1576      |  16|   0|   16|          0|
    |mult_V_430_34_fu_1600      |  16|   0|   16|          0|
    |mult_V_430_35_fu_1624      |  16|   0|   16|          0|
    |mult_V_430_36_fu_1648      |  16|   0|   16|          0|
    |mult_V_430_37_fu_1672      |  16|   0|   16|          0|
    |mult_V_430_38_fu_1696      |  16|   0|   16|          0|
    |mult_V_430_39_fu_1720      |  16|   0|   16|          0|
    |mult_V_430_3_fu_856        |  16|   0|   16|          0|
    |mult_V_430_40_fu_1744      |  16|   0|   16|          0|
    |mult_V_430_41_fu_1768      |  16|   0|   16|          0|
    |mult_V_430_42_fu_1792      |  16|   0|   16|          0|
    |mult_V_430_43_fu_1816      |  16|   0|   16|          0|
    |mult_V_430_44_fu_1840      |  16|   0|   16|          0|
    |mult_V_430_45_fu_1864      |  16|   0|   16|          0|
    |mult_V_430_46_fu_1888      |  16|   0|   16|          0|
    |mult_V_430_47_fu_1912      |  16|   0|   16|          0|
    |mult_V_430_48_fu_1936      |  16|   0|   16|          0|
    |mult_V_430_49_fu_1960      |  16|   0|   16|          0|
    |mult_V_430_4_fu_880        |  16|   0|   16|          0|
    |mult_V_430_50_fu_1984      |  16|   0|   16|          0|
    |mult_V_430_51_fu_2008      |  16|   0|   16|          0|
    |mult_V_430_52_fu_2032      |  16|   0|   16|          0|
    |mult_V_430_53_fu_2056      |  16|   0|   16|          0|
    |mult_V_430_54_fu_2080      |  16|   0|   16|          0|
    |mult_V_430_55_fu_2104      |  16|   0|   16|          0|
    |mult_V_430_56_fu_2128      |  16|   0|   16|          0|
    |mult_V_430_57_fu_2152      |  16|   0|   16|          0|
    |mult_V_430_58_fu_2176      |  16|   0|   16|          0|
    |mult_V_430_59_fu_2200      |  16|   0|   16|          0|
    |mult_V_430_5_fu_904        |  16|   0|   16|          0|
    |mult_V_430_60_fu_2224      |  16|   0|   16|          0|
    |mult_V_430_61_fu_2248      |  16|   0|   16|          0|
    |mult_V_430_62_fu_2272      |  16|   0|   16|          0|
    |mult_V_430_63_fu_2296      |  16|   0|   16|          0|
    |mult_V_430_64_fu_2320      |  16|   0|   16|          0|
    |mult_V_430_65_fu_2344      |  16|   0|   16|          0|
    |mult_V_430_66_fu_2368      |  16|   0|   16|          0|
    |mult_V_430_67_fu_2392      |  16|   0|   16|          0|
    |mult_V_430_68_fu_2416      |  16|   0|   16|          0|
    |mult_V_430_69_fu_2440      |  16|   0|   16|          0|
    |mult_V_430_6_fu_928        |  16|   0|   16|          0|
    |mult_V_430_70_fu_2464      |  16|   0|   16|          0|
    |mult_V_430_71_fu_2488      |  16|   0|   16|          0|
    |mult_V_430_7_fu_952        |  16|   0|   16|          0|
    |mult_V_430_8_fu_976        |  16|   0|   16|          0|
    |mult_V_430_9_fu_1000       |  16|   0|   16|          0|
    |mult_V_430_fu_784          |  16|   0|   16|          0|
    |mult_V_431_10_fu_1028      |  16|   0|   16|          0|
    |mult_V_431_11_fu_1052      |  16|   0|   16|          0|
    |mult_V_431_12_fu_1076      |  16|   0|   16|          0|
    |mult_V_431_13_fu_1100      |  16|   0|   16|          0|
    |mult_V_431_14_fu_1124      |  16|   0|   16|          0|
    |mult_V_431_15_fu_1148      |  16|   0|   16|          0|
    |mult_V_431_16_fu_1172      |  16|   0|   16|          0|
    |mult_V_431_17_fu_1196      |  16|   0|   16|          0|
    |mult_V_431_18_fu_1220      |  16|   0|   16|          0|
    |mult_V_431_19_fu_1244      |  16|   0|   16|          0|
    |mult_V_431_1_fu_812        |  16|   0|   16|          0|
    |mult_V_431_20_fu_1268      |  16|   0|   16|          0|
    |mult_V_431_21_fu_1292      |  16|   0|   16|          0|
    |mult_V_431_22_fu_1316      |  16|   0|   16|          0|
    |mult_V_431_23_fu_1340      |  16|   0|   16|          0|
    |mult_V_431_24_fu_1364      |  16|   0|   16|          0|
    |mult_V_431_25_fu_1388      |  16|   0|   16|          0|
    |mult_V_431_26_fu_1412      |  16|   0|   16|          0|
    |mult_V_431_27_fu_1436      |  16|   0|   16|          0|
    |mult_V_431_28_fu_1460      |  16|   0|   16|          0|
    |mult_V_431_29_fu_1484      |  16|   0|   16|          0|
    |mult_V_431_2_fu_836        |  16|   0|   16|          0|
    |mult_V_431_30_fu_1508      |  16|   0|   16|          0|
    |mult_V_431_31_fu_1532      |  16|   0|   16|          0|
    |mult_V_431_32_fu_1556      |  16|   0|   16|          0|
    |mult_V_431_33_fu_1580      |  16|   0|   16|          0|
    |mult_V_431_34_fu_1604      |  16|   0|   16|          0|
    |mult_V_431_35_fu_1628      |  16|   0|   16|          0|
    |mult_V_431_36_fu_1652      |  16|   0|   16|          0|
    |mult_V_431_37_fu_1676      |  16|   0|   16|          0|
    |mult_V_431_38_fu_1700      |  16|   0|   16|          0|
    |mult_V_431_39_fu_1724      |  16|   0|   16|          0|
    |mult_V_431_3_fu_860        |  16|   0|   16|          0|
    |mult_V_431_40_fu_1748      |  16|   0|   16|          0|
    |mult_V_431_41_fu_1772      |  16|   0|   16|          0|
    |mult_V_431_42_fu_1796      |  16|   0|   16|          0|
    |mult_V_431_43_fu_1820      |  16|   0|   16|          0|
    |mult_V_431_44_fu_1844      |  16|   0|   16|          0|
    |mult_V_431_45_fu_1868      |  16|   0|   16|          0|
    |mult_V_431_46_fu_1892      |  16|   0|   16|          0|
    |mult_V_431_47_fu_1916      |  16|   0|   16|          0|
    |mult_V_431_48_fu_1940      |  16|   0|   16|          0|
    |mult_V_431_49_fu_1964      |  16|   0|   16|          0|
    |mult_V_431_4_fu_884        |  16|   0|   16|          0|
    |mult_V_431_50_fu_1988      |  16|   0|   16|          0|
    |mult_V_431_51_fu_2012      |  16|   0|   16|          0|
    |mult_V_431_52_fu_2036      |  16|   0|   16|          0|
    |mult_V_431_53_fu_2060      |  16|   0|   16|          0|
    |mult_V_431_54_fu_2084      |  16|   0|   16|          0|
    |mult_V_431_55_fu_2108      |  16|   0|   16|          0|
    |mult_V_431_56_fu_2132      |  16|   0|   16|          0|
    |mult_V_431_57_fu_2156      |  16|   0|   16|          0|
    |mult_V_431_58_fu_2180      |  16|   0|   16|          0|
    |mult_V_431_59_fu_2204      |  16|   0|   16|          0|
    |mult_V_431_5_fu_908        |  16|   0|   16|          0|
    |mult_V_431_60_fu_2228      |  16|   0|   16|          0|
    |mult_V_431_61_fu_2252      |  16|   0|   16|          0|
    |mult_V_431_62_fu_2276      |  16|   0|   16|          0|
    |mult_V_431_63_fu_2300      |  16|   0|   16|          0|
    |mult_V_431_64_fu_2324      |  16|   0|   16|          0|
    |mult_V_431_65_fu_2348      |  16|   0|   16|          0|
    |mult_V_431_66_fu_2372      |  16|   0|   16|          0|
    |mult_V_431_67_fu_2396      |  16|   0|   16|          0|
    |mult_V_431_68_fu_2420      |  16|   0|   16|          0|
    |mult_V_431_69_fu_2444      |  16|   0|   16|          0|
    |mult_V_431_6_fu_932        |  16|   0|   16|          0|
    |mult_V_431_70_fu_2468      |  16|   0|   16|          0|
    |mult_V_431_71_fu_2492      |  16|   0|   16|          0|
    |mult_V_431_7_fu_956        |  16|   0|   16|          0|
    |mult_V_431_8_fu_980        |  16|   0|   16|          0|
    |mult_V_431_9_fu_1004       |  16|   0|   16|          0|
    |mult_V_431_fu_788          |  16|   0|   16|          0|
    |or_ln41_reg_17650          |   8|   0|    9|          1|
    |res_pack_24_fu_2548        |  16|   0|   16|          0|
    |res_pack_25_fu_2552        |  16|   0|   16|          0|
    |res_pack_26_fu_2556        |  16|   0|   16|          0|
    |res_pack_27_fu_2560        |  16|   0|   16|          0|
    |res_pack_28_fu_2564        |  16|   0|   16|          0|
    |res_pack_fu_2544           |  16|   0|   16|          0|
    |select_ln54_reg_17889      |   3|   0|    3|          0|
    |start_once_reg             |   1|   0|    1|          0|
    |sub_ln41_reg_17619         |   8|   0|    9|          1|
    |sub_ln57_reg_17875         |   8|   0|    9|          1|
    |tmp_2_reg_20085            |  16|   0|   16|          0|
    |tmp_s_reg_20080            |  16|   0|   16|          0|
    |w18_V_load_1_reg_17689     |  11|   0|   11|          0|
    |w18_V_load_2_reg_17694     |  11|   0|   11|          0|
    |w18_V_load_3_reg_17699     |  11|   0|   11|          0|
    |w18_V_load_4_reg_17704     |  11|   0|   11|          0|
    |w18_V_load_5_reg_17709     |  11|   0|   11|          0|
    |w18_V_load_reg_17684       |  11|   0|   11|          0|
    |icmp_ln54_reg_17880        |  64|  32|    1|          0|
    |or_ln41_reg_17650          |  64|  32|    9|          1|
    |select_ln54_reg_17889      |  64|  32|    3|          0|
    |sub_ln41_reg_17619         |  64|  32|    9|          1|
    +---------------------------+----+----+-----+-----------+
    |Total                      |8986| 128| 8759|          9|
    +---------------------------+----+----+-----+-----------+



================================================================
== Interface
================================================================
* Summary: 
+---------------------+-----+-----+------------+-------------------------------------------------------------------+--------------+
|      RTL Ports      | Dir | Bits|  Protocol  |                           Source Object                           |    C Type    |
+---------------------+-----+-----+------------+-------------------------------------------------------------------+--------------+
|ap_clk               |   in|    1|  ap_ctrl_hs|  dense<array<ap_fixed,2u>,array<ap_fixed<16,6,5,3,0>,6u>,config18>|  return value|
|ap_rst               |   in|    1|  ap_ctrl_hs|  dense<array<ap_fixed,2u>,array<ap_fixed<16,6,5,3,0>,6u>,config18>|  return value|
|ap_start             |   in|    1|  ap_ctrl_hs|  dense<array<ap_fixed,2u>,array<ap_fixed<16,6,5,3,0>,6u>,config18>|  return value|
|start_full_n         |   in|    1|  ap_ctrl_hs|  dense<array<ap_fixed,2u>,array<ap_fixed<16,6,5,3,0>,6u>,config18>|  return value|
|ap_done              |  out|    1|  ap_ctrl_hs|  dense<array<ap_fixed,2u>,array<ap_fixed<16,6,5,3,0>,6u>,config18>|  return value|
|ap_continue          |   in|    1|  ap_ctrl_hs|  dense<array<ap_fixed,2u>,array<ap_fixed<16,6,5,3,0>,6u>,config18>|  return value|
|ap_idle              |  out|    1|  ap_ctrl_hs|  dense<array<ap_fixed,2u>,array<ap_fixed<16,6,5,3,0>,6u>,config18>|  return value|
|ap_ready             |  out|    1|  ap_ctrl_hs|  dense<array<ap_fixed,2u>,array<ap_fixed<16,6,5,3,0>,6u>,config18>|  return value|
|start_out            |  out|    1|  ap_ctrl_hs|  dense<array<ap_fixed,2u>,array<ap_fixed<16,6,5,3,0>,6u>,config18>|  return value|
|start_write          |  out|    1|  ap_ctrl_hs|  dense<array<ap_fixed,2u>,array<ap_fixed<16,6,5,3,0>,6u>,config18>|  return value|
|layer16_out_dout     |   in|   32|     ap_fifo|                                                        layer16_out|       pointer|
|layer16_out_empty_n  |   in|    1|     ap_fifo|                                                        layer16_out|       pointer|
|layer16_out_read     |  out|    1|     ap_fifo|                                                        layer16_out|       pointer|
|layer18_out_din      |  out|   96|     ap_fifo|                                                        layer18_out|       pointer|
|layer18_out_full_n   |   in|    1|     ap_fifo|                                                        layer18_out|       pointer|
|layer18_out_write    |  out|    1|     ap_fifo|                                                        layer18_out|       pointer|
+---------------------+-----+-----+------------+-------------------------------------------------------------------+--------------+

