

================================================================
== Vitis HLS Report for 'dense_array_ap_fixed_6u_array_ap_fixed_16_6_5_3_0_24u_config22_s'
================================================================
* Date:           Mon Oct 21 14:06:45 2024

* Version:        2020.2 (Build 3064766 on Wed Nov 18 09:12:47 MST 2020)
* Project:        myproject_prj
* Solution:       solution1 (Vivado IP Flow Target)
* Product family: zynq
* Target device:  xc7z020-clg484-1


================================================================
== Performance Estimates
================================================================
+ Timing: 
    * Summary: 
    +--------+---------+----------+------------+
    |  Clock |  Target | Estimated| Uncertainty|
    +--------+---------+----------+------------+
    |ap_clk  |  5.00 ns|  4.359 ns|     0.62 ns|
    +--------+---------+----------+------------+

+ Latency: 
    * Summary: 
    +---------+---------+----------+----------+-----+-----+---------+
    |  Latency (cycles) |  Latency (absolute) |  Interval | Pipeline|
    |   min   |   max   |    min   |    max   | min | max |   Type  |
    +---------+---------+----------+----------+-----+-----+---------+
    |      211|      211|  1.055 us|  1.055 us|  211|  211|     none|
    +---------+---------+----------+----------+-----+-----+---------+

    + Detail: 
        * Instance: 
        N/A

        * Loop: 
        +-----------------+---------+---------+----------+-----------+-----------+------+----------+
        |                 |  Latency (cycles) | Iteration|  Initiation Interval  | Trip |          |
        |    Loop Name    |   min   |   max   |  Latency |  achieved |   target  | Count| Pipelined|
        +-----------------+---------+---------+----------+-----------+-----------+------+----------+
        |- Product1       |        9|        9|         5|          1|          1|     6|       yes|
        |- ResetAccum     |       24|       24|         1|          1|          1|    24|       yes|
        |- Accum1_Accum2  |      146|      146|         4|          1|          1|   144|       yes|
        |- Result         |       24|       24|         1|          1|          1|    24|       yes|
        +-----------------+---------+---------+----------+-----------+-----------+------+----------+



================================================================
== Utilization Estimates
================================================================
* Summary: 
+-----------------+---------+-----+--------+-------+-----+
|       Name      | BRAM_18K| DSP |   FF   |  LUT  | URAM|
+-----------------+---------+-----+--------+-------+-----+
|DSP              |        -|    -|       -|      -|    -|
|Expression       |        -|    -|       0|    527|    -|
|FIFO             |        -|    -|       -|      -|    -|
|Instance         |        -|   24|    1608|   1187|    -|
|Memory           |       23|    -|       0|      0|    -|
|Multiplexer      |        -|    -|       -|    947|    -|
|Register         |        -|    -|    5192|    352|    -|
+-----------------+---------+-----+--------+-------+-----+
|Total            |       23|   24|    6800|   3013|    0|
+-----------------+---------+-----+--------+-------+-----+
|Available        |      280|  220|  106400|  53200|    0|
+-----------------+---------+-----+--------+-------+-----+
|Utilization (%)  |        8|   10|       6|      5|    0|
+-----------------+---------+-----+--------+-------+-----+

+ Detail: 
    * Instance: 
    +-------------------------+--------------------+---------+----+----+-----+-----+
    |         Instance        |       Module       | BRAM_18K| DSP| FF | LUT | URAM|
    +-------------------------+--------------------+---------+----+----+-----+-----+
    |mul_16s_13s_26_2_1_U376  |mul_16s_13s_26_2_1  |        0|   1|  67|    2|    0|
    |mul_16s_13s_26_2_1_U377  |mul_16s_13s_26_2_1  |        0|   1|  67|    2|    0|
    |mul_16s_13s_26_2_1_U378  |mul_16s_13s_26_2_1  |        0|   1|  67|    2|    0|
    |mul_16s_13s_26_2_1_U379  |mul_16s_13s_26_2_1  |        0|   1|  67|    2|    0|
    |mul_16s_13s_26_2_1_U380  |mul_16s_13s_26_2_1  |        0|   1|  67|    2|    0|
    |mul_16s_13s_26_2_1_U381  |mul_16s_13s_26_2_1  |        0|   1|  67|    2|    0|
    |mul_16s_13s_26_2_1_U382  |mul_16s_13s_26_2_1  |        0|   1|  67|    2|    0|
    |mul_16s_13s_26_2_1_U383  |mul_16s_13s_26_2_1  |        0|   1|  67|    2|    0|
    |mul_16s_13s_26_2_1_U384  |mul_16s_13s_26_2_1  |        0|   1|  67|    2|    0|
    |mul_16s_13s_26_2_1_U385  |mul_16s_13s_26_2_1  |        0|   1|  67|    2|    0|
    |mul_16s_13s_26_2_1_U386  |mul_16s_13s_26_2_1  |        0|   1|  67|    2|    0|
    |mul_16s_13s_26_2_1_U387  |mul_16s_13s_26_2_1  |        0|   1|  67|    2|    0|
    |mul_16s_13s_26_2_1_U388  |mul_16s_13s_26_2_1  |        0|   1|  67|    2|    0|
    |mul_16s_13s_26_2_1_U389  |mul_16s_13s_26_2_1  |        0|   1|  67|    2|    0|
    |mul_16s_13s_26_2_1_U390  |mul_16s_13s_26_2_1  |        0|   1|  67|    2|    0|
    |mul_16s_13s_26_2_1_U391  |mul_16s_13s_26_2_1  |        0|   1|  67|    2|    0|
    |mul_16s_13s_26_2_1_U392  |mul_16s_13s_26_2_1  |        0|   1|  67|    2|    0|
    |mul_16s_13s_26_2_1_U393  |mul_16s_13s_26_2_1  |        0|   1|  67|    2|    0|
    |mul_16s_13s_26_2_1_U394  |mul_16s_13s_26_2_1  |        0|   1|  67|    2|    0|
    |mul_16s_13s_26_2_1_U395  |mul_16s_13s_26_2_1  |        0|   1|  67|    2|    0|
    |mul_16s_13s_26_2_1_U396  |mul_16s_13s_26_2_1  |        0|   1|  67|    2|    0|
    |mul_16s_13s_26_2_1_U397  |mul_16s_13s_26_2_1  |        0|   1|  67|    2|    0|
    |mul_16s_13s_26_2_1_U398  |mul_16s_13s_26_2_1  |        0|   1|  67|    2|    0|
    |mul_16s_13s_26_2_1_U399  |mul_16s_13s_26_2_1  |        0|   1|  67|    2|    0|
    |mux_1448_16_1_1_U403     |mux_1448_16_1_1     |        0|   0|   0|  769|    0|
    |mux_245_16_1_1_U401      |mux_245_16_1_1      |        0|   0|   0|  113|    0|
    |mux_245_16_1_1_U402      |mux_245_16_1_1      |        0|   0|   0|  113|    0|
    |mux_245_16_1_1_U404      |mux_245_16_1_1      |        0|   0|   0|  113|    0|
    |mux_63_16_1_1_U400       |mux_63_16_1_1       |        0|   0|   0|   31|    0|
    +-------------------------+--------------------+---------+----+----+-----+-----+
    |Total                    |                    |        0|  24|1608| 1187|    0|
    +-------------------------+--------------------+---------+----+----+-----+-----+

    * DSP: 
    N/A

    * Memory: 
    +---------+------------------------------------------------------------------------+---------+---+----+-----+------+-----+------+-------------+
    |  Memory |                                 Module                                 | BRAM_18K| FF| LUT| URAM| Words| Bits| Banks| W*Bits*Banks|
    +---------+------------------------------------------------------------------------+---------+---+----+-----+------+-----+------+-------------+
    |w22_V_U  |dense_array_ap_fixed_6u_array_ap_fixed_16_6_5_3_0_24u_config22_s_w22_V  |       23|  0|   0|    0|   144|   13|     1|         1872|
    +---------+------------------------------------------------------------------------+---------+---+----+-----+------+-----+------+-------------+
    |Total    |                                                                        |       23|  0|   0|    0|   144|   13|     1|         1872|
    +---------+------------------------------------------------------------------------+---------+---+----+-----+------+-----+------+-------------+

    * FIFO: 
    N/A

    * Expression: 
    +---------------------------+----------+----+---+----+------------+------------+
    |       Variable Name       | Operation| DSP| FF| LUT| Bitwidth P0| Bitwidth P1|
    +---------------------------+----------+----+---+----+------------+------------+
    |acc_V_0_1_fu_12307_p2      |         +|   0|  0|  23|          16|          16|
    |add_ln37_fu_9697_p2        |         +|   0|  0|  11|           3|           1|
    |add_ln41_10_fu_9807_p2     |         +|   0|  0|  15|           8|           5|
    |add_ln41_11_fu_9813_p2     |         +|   0|  0|  15|           8|           5|
    |add_ln41_12_fu_9819_p2     |         +|   0|  0|  15|           8|           5|
    |add_ln41_13_fu_9825_p2     |         +|   0|  0|  15|           8|           5|
    |add_ln41_14_fu_9831_p2     |         +|   0|  0|  15|           8|           5|
    |add_ln41_15_fu_9837_p2     |         +|   0|  0|  15|           8|           5|
    |add_ln41_1_fu_9753_p2      |         +|   0|  0|  15|           8|           4|
    |add_ln41_2_fu_9759_p2      |         +|   0|  0|  15|           8|           4|
    |add_ln41_3_fu_9765_p2      |         +|   0|  0|  15|           8|           4|
    |add_ln41_4_fu_9771_p2      |         +|   0|  0|  15|           8|           4|
    |add_ln41_5_fu_9777_p2      |         +|   0|  0|  15|           8|           4|
    |add_ln41_6_fu_9783_p2      |         +|   0|  0|  15|           8|           4|
    |add_ln41_7_fu_9789_p2      |         +|   0|  0|  15|           8|           4|
    |add_ln41_8_fu_9795_p2      |         +|   0|  0|  15|           8|           5|
    |add_ln41_9_fu_9801_p2      |         +|   0|  0|  15|           8|           5|
    |add_ln41_fu_9747_p2        |         +|   0|  0|  15|           8|           4|
    |add_ln48_fu_11064_p2       |         +|   0|  0|  13|           5|           1|
    |add_ln54_1_fu_11470_p2     |         +|   0|  0|  11|           3|           1|
    |add_ln54_fu_11418_p2       |         +|   0|  0|  15|           8|           1|
    |add_ln56_fu_11484_p2       |         +|   0|  0|  13|           5|           1|
    |add_ln64_fu_12431_p2       |         +|   0|  0|  13|           5|           1|
    |add_ln703_fu_11523_p2      |         +|   0|  0|  15|           8|           8|
    |sub_ln41_fu_9741_p2        |         -|   0|  0|  15|           8|           8|
    |sub_ln57_1_fu_11508_p2     |         -|   0|  0|  15|           8|           8|
    |sub_ln57_fu_11444_p2       |         -|   0|  0|  15|           8|           8|
    |icmp_ln37_fu_9703_p2       |      icmp|   0|  0|   8|           3|           3|
    |icmp_ln48_fu_11142_p2      |      icmp|   0|  0|   9|           5|           5|
    |icmp_ln54_fu_11450_p2      |      icmp|   0|  0|  11|           8|           8|
    |icmp_ln56_fu_11456_p2      |      icmp|   0|  0|   9|           5|           5|
    |icmp_ln64_fu_12437_p2      |      icmp|   0|  0|   9|           5|           5|
    |ap_block_state1            |        or|   0|  0|   2|           1|           1|
    |or_ln41_1_fu_9857_p2       |        or|   0|  0|   8|           8|           2|
    |or_ln41_2_fu_9867_p2       |        or|   0|  0|   8|           8|           2|
    |or_ln41_3_fu_9877_p2       |        or|   0|  0|   8|           8|           3|
    |or_ln41_4_fu_9887_p2       |        or|   0|  0|   8|           8|           3|
    |or_ln41_5_fu_9897_p2       |        or|   0|  0|   8|           8|           3|
    |or_ln41_6_fu_9907_p2       |        or|   0|  0|   8|           8|           3|
    |or_ln41_fu_9847_p2         |        or|   0|  0|   8|           8|           1|
    |select_ln54_1_fu_11514_p3  |    select|   0|  0|   8|           1|           8|
    |select_ln54_2_fu_11476_p3  |    select|   0|  0|   3|           1|           3|
    |select_ln54_fu_11462_p3    |    select|   0|  0|   5|           1|           1|
    |ap_enable_pp0              |       xor|   0|  0|   2|           1|           2|
    |ap_enable_pp2              |       xor|   0|  0|   2|           1|           2|
    |ap_enable_reg_pp0_iter1    |       xor|   0|  0|   2|           2|           1|
    |ap_enable_reg_pp2_iter1    |       xor|   0|  0|   2|           2|           1|
    +---------------------------+----------+----+---+----+------------+------------+
    |Total                      |          |   0|  0| 527|         297|         188|
    +---------------------------+----------+----+---+----+------------+------------+

    * Multiplexer: 
    +------------------------------------+----+-----------+-----+-----------+
    |                Name                | LUT| Input Size| Bits| Total Bits|
    +------------------------------------+----+-----------+-----+-----------+
    |acc_V_23_25_fu_982                  |   9|          2|   16|         32|
    |acc_V_23_26_fu_986                  |   9|          2|   16|         32|
    |acc_V_23_27_fu_990                  |   9|          2|   16|         32|
    |acc_V_23_28_fu_994                  |   9|          2|   16|         32|
    |acc_V_23_29_fu_998                  |   9|          2|   16|         32|
    |acc_V_23_30_fu_1002                 |   9|          2|   16|         32|
    |acc_V_23_31_fu_1006                 |   9|          2|   16|         32|
    |acc_V_23_32_fu_1010                 |   9|          2|   16|         32|
    |acc_V_23_33_fu_1014                 |   9|          2|   16|         32|
    |acc_V_23_34_fu_1018                 |   9|          2|   16|         32|
    |acc_V_23_35_fu_1022                 |   9|          2|   16|         32|
    |acc_V_23_36_fu_1026                 |   9|          2|   16|         32|
    |acc_V_23_37_fu_1030                 |   9|          2|   16|         32|
    |acc_V_23_38_fu_1034                 |   9|          2|   16|         32|
    |acc_V_23_39_fu_1038                 |   9|          2|   16|         32|
    |acc_V_23_3_fu_1074                  |   9|          2|   16|         32|
    |acc_V_23_40_fu_1042                 |   9|          2|   16|         32|
    |acc_V_23_41_fu_1046                 |   9|          2|   16|         32|
    |acc_V_23_42_fu_1050                 |   9|          2|   16|         32|
    |acc_V_23_43_fu_1054                 |   9|          2|   16|         32|
    |acc_V_23_44_fu_1058                 |   9|          2|   16|         32|
    |acc_V_23_45_fu_1062                 |   9|          2|   16|         32|
    |acc_V_23_46_fu_1066                 |   9|          2|   16|         32|
    |acc_V_23_47_fu_1070                 |   9|          2|   16|         32|
    |ap_NS_fsm                           |  53|         10|    1|         10|
    |ap_done                             |   9|          2|    1|          2|
    |ap_enable_reg_pp0_iter1             |   9|          2|    1|          2|
    |ap_enable_reg_pp0_iter4             |   9|          2|    1|          2|
    |ap_enable_reg_pp2_iter1             |   9|          2|    1|          2|
    |ap_enable_reg_pp2_iter3             |   9|          2|    1|          2|
    |ap_sig_allocacmp_acc_V_23_25_load   |   9|          2|   16|         32|
    |ap_sig_allocacmp_acc_V_23_26_load   |   9|          2|   16|         32|
    |ap_sig_allocacmp_acc_V_23_27_load   |   9|          2|   16|         32|
    |ap_sig_allocacmp_acc_V_23_28_load   |   9|          2|   16|         32|
    |ap_sig_allocacmp_acc_V_23_29_load   |   9|          2|   16|         32|
    |ap_sig_allocacmp_acc_V_23_30_load   |   9|          2|   16|         32|
    |ap_sig_allocacmp_acc_V_23_31_load   |   9|          2|   16|         32|
    |ap_sig_allocacmp_acc_V_23_32_load   |   9|          2|   16|         32|
    |ap_sig_allocacmp_acc_V_23_33_load   |   9|          2|   16|         32|
    |ap_sig_allocacmp_acc_V_23_34_load   |   9|          2|   16|         32|
    |ap_sig_allocacmp_acc_V_23_35_load   |   9|          2|   16|         32|
    |ap_sig_allocacmp_acc_V_23_36_load   |   9|          2|   16|         32|
    |ap_sig_allocacmp_acc_V_23_37_load   |   9|          2|   16|         32|
    |ap_sig_allocacmp_acc_V_23_38_load   |   9|          2|   16|         32|
    |ap_sig_allocacmp_acc_V_23_39_load   |   9|          2|   16|         32|
    |ap_sig_allocacmp_acc_V_23_3_load_1  |   9|          2|   16|         32|
    |ap_sig_allocacmp_acc_V_23_40_load   |   9|          2|   16|         32|
    |ap_sig_allocacmp_acc_V_23_41_load   |   9|          2|   16|         32|
    |ap_sig_allocacmp_acc_V_23_42_load   |   9|          2|   16|         32|
    |ap_sig_allocacmp_acc_V_23_43_load   |   9|          2|   16|         32|
    |ap_sig_allocacmp_acc_V_23_44_load   |   9|          2|   16|         32|
    |ap_sig_allocacmp_acc_V_23_45_load   |   9|          2|   16|         32|
    |ap_sig_allocacmp_acc_V_23_46_load   |   9|          2|   16|         32|
    |ap_sig_allocacmp_acc_V_23_47_load   |   9|          2|   16|         32|
    |grp_load_fu_9571_p1                 |  14|          3|   16|         48|
    |grp_load_fu_9574_p1                 |  14|          3|   16|         48|
    |grp_load_fu_9577_p1                 |  14|          3|   16|         48|
    |grp_load_fu_9580_p1                 |  14|          3|   16|         48|
    |grp_load_fu_9583_p1                 |  14|          3|   16|         48|
    |grp_load_fu_9586_p1                 |  14|          3|   16|         48|
    |grp_load_fu_9589_p1                 |  14|          3|   16|         48|
    |grp_load_fu_9592_p1                 |  14|          3|   16|         48|
    |grp_load_fu_9595_p1                 |  14|          3|   16|         48|
    |grp_load_fu_9598_p1                 |  14|          3|   16|         48|
    |grp_load_fu_9601_p1                 |  14|          3|   16|         48|
    |grp_load_fu_9604_p1                 |  14|          3|   16|         48|
    |grp_load_fu_9607_p1                 |  14|          3|   16|         48|
    |grp_load_fu_9610_p1                 |  14|          3|   16|         48|
    |grp_load_fu_9613_p1                 |  14|          3|   16|         48|
    |grp_load_fu_9616_p1                 |  14|          3|   16|         48|
    |grp_load_fu_9619_p1                 |  14|          3|   16|         48|
    |grp_load_fu_9622_p1                 |  14|          3|   16|         48|
    |grp_load_fu_9625_p1                 |  14|          3|   16|         48|
    |grp_load_fu_9628_p1                 |  14|          3|   16|         48|
    |grp_load_fu_9631_p1                 |  14|          3|   16|         48|
    |grp_load_fu_9634_p1                 |  14|          3|   16|         48|
    |grp_load_fu_9637_p1                 |  14|          3|   16|         48|
    |grp_load_fu_9640_p1                 |  14|          3|   16|         48|
    |iacc_reg_1487                       |   9|          2|    5|         10|
    |ii_1_reg_1509                       |   9|          2|    3|          6|
    |ii_reg_1476                         |   9|          2|    3|          6|
    |indvar_flatten_reg_1498             |   9|          2|    8|         16|
    |ires_reg_1531                       |   9|          2|    5|         10|
    |jj_reg_1520                         |   9|          2|    5|         10|
    |layer21_out_blk_n                   |   9|          2|    1|          2|
    |layer22_out_blk_n                   |   9|          2|    1|          2|
    |real_start                          |   9|          2|    1|          2|
    +------------------------------------+----+-----------+-----+-----------+
    |Total                               | 947|        206| 1190|       2772|
    +------------------------------------+----+-----------+-----+-----------+

    * Register: 
    +----------------------------+----+----+-----+-----------+
    |            Name            | FF | LUT| Bits| Const Bits|
    +----------------------------+----+----+-----+-----------+
    |a_V_reg_13645               |  16|   0|   16|          0|
    |acc_V_23_10_fu_922          |  16|   0|   16|          0|
    |acc_V_23_10_load_reg_14352  |  16|   0|   16|          0|
    |acc_V_23_11_fu_926          |  16|   0|   16|          0|
    |acc_V_23_11_load_reg_14357  |  16|   0|   16|          0|
    |acc_V_23_12_fu_930          |  16|   0|   16|          0|
    |acc_V_23_12_load_reg_14362  |  16|   0|   16|          0|
    |acc_V_23_13_fu_934          |  16|   0|   16|          0|
    |acc_V_23_13_load_reg_14367  |  16|   0|   16|          0|
    |acc_V_23_14_fu_938          |  16|   0|   16|          0|
    |acc_V_23_14_load_reg_14372  |  16|   0|   16|          0|
    |acc_V_23_15_fu_942          |  16|   0|   16|          0|
    |acc_V_23_15_load_reg_14377  |  16|   0|   16|          0|
    |acc_V_23_16_fu_946          |  16|   0|   16|          0|
    |acc_V_23_16_load_reg_14382  |  16|   0|   16|          0|
    |acc_V_23_17_fu_950          |  16|   0|   16|          0|
    |acc_V_23_17_load_reg_14387  |  16|   0|   16|          0|
    |acc_V_23_18_fu_954          |  16|   0|   16|          0|
    |acc_V_23_18_load_reg_14392  |  16|   0|   16|          0|
    |acc_V_23_19_fu_958          |  16|   0|   16|          0|
    |acc_V_23_19_load_reg_14397  |  16|   0|   16|          0|
    |acc_V_23_1_fu_890           |  16|   0|   16|          0|
    |acc_V_23_1_load_reg_14312   |  16|   0|   16|          0|
    |acc_V_23_20_fu_962          |  16|   0|   16|          0|
    |acc_V_23_20_load_reg_14402  |  16|   0|   16|          0|
    |acc_V_23_21_fu_966          |  16|   0|   16|          0|
    |acc_V_23_21_load_reg_14407  |  16|   0|   16|          0|
    |acc_V_23_22_fu_970          |  16|   0|   16|          0|
    |acc_V_23_22_load_reg_14412  |  16|   0|   16|          0|
    |acc_V_23_23_fu_974          |  16|   0|   16|          0|
    |acc_V_23_23_load_reg_14417  |  16|   0|   16|          0|
    |acc_V_23_24_fu_978          |  16|   0|   16|          0|
    |acc_V_23_24_load_reg_14422  |  16|   0|   16|          0|
    |acc_V_23_25_fu_982          |  16|   0|   16|          0|
    |acc_V_23_26_fu_986          |  16|   0|   16|          0|
    |acc_V_23_27_fu_990          |  16|   0|   16|          0|
    |acc_V_23_28_fu_994          |  16|   0|   16|          0|
    |acc_V_23_29_fu_998          |  16|   0|   16|          0|
    |acc_V_23_2_fu_894           |  16|   0|   16|          0|
    |acc_V_23_2_load_reg_14317   |  16|   0|   16|          0|
    |acc_V_23_30_fu_1002         |  16|   0|   16|          0|
    |acc_V_23_31_fu_1006         |  16|   0|   16|          0|
    |acc_V_23_32_fu_1010         |  16|   0|   16|          0|
    |acc_V_23_33_fu_1014         |  16|   0|   16|          0|
    |acc_V_23_34_fu_1018         |  16|   0|   16|          0|
    |acc_V_23_35_fu_1022         |  16|   0|   16|          0|
    |acc_V_23_36_fu_1026         |  16|   0|   16|          0|
    |acc_V_23_37_fu_1030         |  16|   0|   16|          0|
    |acc_V_23_38_fu_1034         |  16|   0|   16|          0|
    |acc_V_23_39_fu_1038         |  16|   0|   16|          0|
    |acc_V_23_3_fu_1074          |  16|   0|   16|          0|
    |acc_V_23_40_fu_1042         |  16|   0|   16|          0|
    |acc_V_23_41_fu_1046         |  16|   0|   16|          0|
    |acc_V_23_42_fu_1050         |  16|   0|   16|          0|
    |acc_V_23_43_fu_1054         |  16|   0|   16|          0|
    |acc_V_23_44_fu_1058         |  16|   0|   16|          0|
    |acc_V_23_45_fu_1062         |  16|   0|   16|          0|
    |acc_V_23_46_fu_1066         |  16|   0|   16|          0|
    |acc_V_23_47_fu_1070         |  16|   0|   16|          0|
    |acc_V_23_4_fu_898           |  16|   0|   16|          0|
    |acc_V_23_4_load_reg_14322   |  16|   0|   16|          0|
    |acc_V_23_5_fu_902           |  16|   0|   16|          0|
    |acc_V_23_5_load_reg_14327   |  16|   0|   16|          0|
    |acc_V_23_6_fu_906           |  16|   0|   16|          0|
    |acc_V_23_6_load_reg_14332   |  16|   0|   16|          0|
    |acc_V_23_7_fu_910           |  16|   0|   16|          0|
    |acc_V_23_7_load_reg_14337   |  16|   0|   16|          0|
    |acc_V_23_8_fu_914           |  16|   0|   16|          0|
    |acc_V_23_8_load_reg_14342   |  16|   0|   16|          0|
    |acc_V_23_9_fu_918           |  16|   0|   16|          0|
    |acc_V_23_9_load_reg_14347   |  16|   0|   16|          0|
    |acc_V_23_fu_886             |  16|   0|   16|          0|
    |acc_V_23_load_reg_14307     |  16|   0|   16|          0|
    |add_ln41_10_reg_13712       |   5|   0|    8|          3|
    |add_ln41_11_reg_13717       |   5|   0|    8|          3|
    |add_ln41_12_reg_13722       |   5|   0|    8|          3|
    |add_ln41_13_reg_13727       |   5|   0|    8|          3|
    |add_ln41_14_reg_13732       |   5|   0|    8|          3|
    |add_ln41_15_reg_13737       |   5|   0|    8|          3|
    |add_ln41_1_reg_13667        |   5|   0|    8|          3|
    |add_ln41_2_reg_13672        |   5|   0|    8|          3|
    |add_ln41_3_reg_13677        |   5|   0|    8|          3|
    |add_ln41_4_reg_13682        |   5|   0|    8|          3|
    |add_ln41_5_reg_13687        |   5|   0|    8|          3|
    |add_ln41_6_reg_13692        |   5|   0|    8|          3|
    |add_ln41_7_reg_13697        |   5|   0|    8|          3|
    |add_ln41_8_reg_13702        |   5|   0|    8|          3|
    |add_ln41_9_reg_13707        |   5|   0|    8|          3|
    |add_ln41_reg_13662          |   5|   0|    8|          3|
    |add_ln54_1_reg_14623        |   3|   0|    3|          0|
    |add_ln703_reg_14639         |   8|   0|    8|          0|
    |ap_CS_fsm                   |   9|   0|    9|          0|
    |ap_done_reg                 |   1|   0|    1|          0|
    |ap_enable_reg_pp0_iter0     |   1|   0|    1|          0|
    |ap_enable_reg_pp0_iter1     |   1|   0|    1|          0|
    |ap_enable_reg_pp0_iter2     |   1|   0|    1|          0|
    |ap_enable_reg_pp0_iter3     |   1|   0|    1|          0|
    |ap_enable_reg_pp0_iter4     |   1|   0|    1|          0|
    |ap_enable_reg_pp2_iter0     |   1|   0|    1|          0|
    |ap_enable_reg_pp2_iter1     |   1|   0|    1|          0|
    |ap_enable_reg_pp2_iter2     |   1|   0|    1|          0|
    |ap_enable_reg_pp2_iter3     |   1|   0|    1|          0|
    |data_V_0_reg_13606          |  16|   0|   16|          0|
    |data_V_1_reg_13611          |  16|   0|   16|          0|
    |data_V_2_reg_13616          |  16|   0|   16|          0|
    |data_V_3_reg_13621          |  16|   0|   16|          0|
    |data_V_4_reg_13626          |  16|   0|   16|          0|
    |data_V_5_reg_13631          |  16|   0|   16|          0|
    |iacc_reg_1487               |   5|   0|    5|          0|
    |icmp_ln54_reg_14608         |   1|   0|    1|          0|
    |icmp_ln56_reg_14612         |   1|   0|    1|          0|
    |ii_1_reg_1509               |   3|   0|    3|          0|
    |ii_reg_1476                 |   3|   0|    3|          0|
    |indvar_flatten_reg_1498     |   8|   0|    8|          0|
    |ires_reg_1531               |   5|   0|    5|          0|
    |jj_reg_1520                 |   5|   0|    5|          0|
    |mult_V_120_1_fu_406         |  16|   0|   16|          0|
    |mult_V_120_2_fu_502         |  16|   0|   16|          0|
    |mult_V_120_3_fu_598         |  16|   0|   16|          0|
    |mult_V_120_4_fu_694         |  16|   0|   16|          0|
    |mult_V_120_5_fu_790         |  16|   0|   16|          0|
    |mult_V_120_fu_310           |  16|   0|   16|          0|
    |mult_V_121_1_fu_410         |  16|   0|   16|          0|
    |mult_V_121_2_fu_506         |  16|   0|   16|          0|
    |mult_V_121_3_fu_602         |  16|   0|   16|          0|
    |mult_V_121_4_fu_698         |  16|   0|   16|          0|
    |mult_V_121_5_fu_794         |  16|   0|   16|          0|
    |mult_V_121_fu_314           |  16|   0|   16|          0|
    |mult_V_122_1_fu_414         |  16|   0|   16|          0|
    |mult_V_122_2_fu_510         |  16|   0|   16|          0|
    |mult_V_122_3_fu_606         |  16|   0|   16|          0|
    |mult_V_122_4_fu_702         |  16|   0|   16|          0|
    |mult_V_122_5_fu_798         |  16|   0|   16|          0|
    |mult_V_122_fu_318           |  16|   0|   16|          0|
    |mult_V_123_1_fu_418         |  16|   0|   16|          0|
    |mult_V_123_2_fu_514         |  16|   0|   16|          0|
    |mult_V_123_3_fu_610         |  16|   0|   16|          0|
    |mult_V_123_4_fu_706         |  16|   0|   16|          0|
    |mult_V_123_5_fu_802         |  16|   0|   16|          0|
    |mult_V_123_fu_322           |  16|   0|   16|          0|
    |mult_V_124_1_fu_422         |  16|   0|   16|          0|
    |mult_V_124_2_fu_518         |  16|   0|   16|          0|
    |mult_V_124_3_fu_614         |  16|   0|   16|          0|
    |mult_V_124_4_fu_710         |  16|   0|   16|          0|
    |mult_V_124_5_fu_806         |  16|   0|   16|          0|
    |mult_V_124_fu_326           |  16|   0|   16|          0|
    |mult_V_125_1_fu_426         |  16|   0|   16|          0|
    |mult_V_125_2_fu_522         |  16|   0|   16|          0|
    |mult_V_125_3_fu_618         |  16|   0|   16|          0|
    |mult_V_125_4_fu_714         |  16|   0|   16|          0|
    |mult_V_125_5_fu_810         |  16|   0|   16|          0|
    |mult_V_125_fu_330           |  16|   0|   16|          0|
    |mult_V_126_1_fu_430         |  16|   0|   16|          0|
    |mult_V_126_2_fu_526         |  16|   0|   16|          0|
    |mult_V_126_3_fu_622         |  16|   0|   16|          0|
    |mult_V_126_4_fu_718         |  16|   0|   16|          0|
    |mult_V_126_5_fu_814         |  16|   0|   16|          0|
    |mult_V_126_fu_334           |  16|   0|   16|          0|
    |mult_V_127_1_fu_434         |  16|   0|   16|          0|
    |mult_V_127_2_fu_530         |  16|   0|   16|          0|
    |mult_V_127_3_fu_626         |  16|   0|   16|          0|
    |mult_V_127_4_fu_722         |  16|   0|   16|          0|
    |mult_V_127_5_fu_818         |  16|   0|   16|          0|
    |mult_V_127_fu_338           |  16|   0|   16|          0|
    |mult_V_128_1_fu_438         |  16|   0|   16|          0|
    |mult_V_128_2_fu_534         |  16|   0|   16|          0|
    |mult_V_128_3_fu_630         |  16|   0|   16|          0|
    |mult_V_128_4_fu_726         |  16|   0|   16|          0|
    |mult_V_128_5_fu_822         |  16|   0|   16|          0|
    |mult_V_128_fu_342           |  16|   0|   16|          0|
    |mult_V_129_1_fu_442         |  16|   0|   16|          0|
    |mult_V_129_2_fu_538         |  16|   0|   16|          0|
    |mult_V_129_3_fu_634         |  16|   0|   16|          0|
    |mult_V_129_4_fu_730         |  16|   0|   16|          0|
    |mult_V_129_5_fu_826         |  16|   0|   16|          0|
    |mult_V_129_fu_346           |  16|   0|   16|          0|
    |mult_V_130_1_fu_446         |  16|   0|   16|          0|
    |mult_V_130_2_fu_542         |  16|   0|   16|          0|
    |mult_V_130_3_fu_638         |  16|   0|   16|          0|
    |mult_V_130_4_fu_734         |  16|   0|   16|          0|
    |mult_V_130_5_fu_830         |  16|   0|   16|          0|
    |mult_V_130_fu_350           |  16|   0|   16|          0|
    |mult_V_131_1_fu_450         |  16|   0|   16|          0|
    |mult_V_131_2_fu_546         |  16|   0|   16|          0|
    |mult_V_131_3_fu_642         |  16|   0|   16|          0|
    |mult_V_131_4_fu_738         |  16|   0|   16|          0|
    |mult_V_131_5_fu_834         |  16|   0|   16|          0|
    |mult_V_131_fu_354           |  16|   0|   16|          0|
    |mult_V_132_1_fu_454         |  16|   0|   16|          0|
    |mult_V_132_2_fu_550         |  16|   0|   16|          0|
    |mult_V_132_3_fu_646         |  16|   0|   16|          0|
    |mult_V_132_4_fu_742         |  16|   0|   16|          0|
    |mult_V_132_5_fu_838         |  16|   0|   16|          0|
    |mult_V_132_fu_358           |  16|   0|   16|          0|
    |mult_V_133_1_fu_458         |  16|   0|   16|          0|
    |mult_V_133_2_fu_554         |  16|   0|   16|          0|
    |mult_V_133_3_fu_650         |  16|   0|   16|          0|
    |mult_V_133_4_fu_746         |  16|   0|   16|          0|
    |mult_V_133_5_fu_842         |  16|   0|   16|          0|
    |mult_V_133_fu_362           |  16|   0|   16|          0|
    |mult_V_134_1_fu_462         |  16|   0|   16|          0|
    |mult_V_134_2_fu_558         |  16|   0|   16|          0|
    |mult_V_134_3_fu_654         |  16|   0|   16|          0|
    |mult_V_134_4_fu_750         |  16|   0|   16|          0|
    |mult_V_134_5_fu_846         |  16|   0|   16|          0|
    |mult_V_134_fu_366           |  16|   0|   16|          0|
    |mult_V_135_1_fu_466         |  16|   0|   16|          0|
    |mult_V_135_2_fu_562         |  16|   0|   16|          0|
    |mult_V_135_3_fu_658         |  16|   0|   16|          0|
    |mult_V_135_4_fu_754         |  16|   0|   16|          0|
    |mult_V_135_5_fu_850         |  16|   0|   16|          0|
    |mult_V_135_fu_370           |  16|   0|   16|          0|
    |mult_V_136_1_fu_470         |  16|   0|   16|          0|
    |mult_V_136_2_fu_566         |  16|   0|   16|          0|
    |mult_V_136_3_fu_662         |  16|   0|   16|          0|
    |mult_V_136_4_fu_758         |  16|   0|   16|          0|
    |mult_V_136_5_fu_854         |  16|   0|   16|          0|
    |mult_V_136_fu_374           |  16|   0|   16|          0|
    |mult_V_137_1_fu_474         |  16|   0|   16|          0|
    |mult_V_137_2_fu_570         |  16|   0|   16|          0|
    |mult_V_137_3_fu_666         |  16|   0|   16|          0|
    |mult_V_137_4_fu_762         |  16|   0|   16|          0|
    |mult_V_137_5_fu_858         |  16|   0|   16|          0|
    |mult_V_137_fu_378           |  16|   0|   16|          0|
    |mult_V_138_1_fu_478         |  16|   0|   16|          0|
    |mult_V_138_2_fu_574         |  16|   0|   16|          0|
    |mult_V_138_3_fu_670         |  16|   0|   16|          0|
    |mult_V_138_4_fu_766         |  16|   0|   16|          0|
    |mult_V_138_5_fu_862         |  16|   0|   16|          0|
    |mult_V_138_fu_382           |  16|   0|   16|          0|
    |mult_V_139_1_fu_482         |  16|   0|   16|          0|
    |mult_V_139_2_fu_578         |  16|   0|   16|          0|
    |mult_V_139_3_fu_674         |  16|   0|   16|          0|
    |mult_V_139_4_fu_770         |  16|   0|   16|          0|
    |mult_V_139_5_fu_866         |  16|   0|   16|          0|
    |mult_V_139_fu_386           |  16|   0|   16|          0|
    |mult_V_140_1_fu_486         |  16|   0|   16|          0|
    |mult_V_140_2_fu_582         |  16|   0|   16|          0|
    |mult_V_140_3_fu_678         |  16|   0|   16|          0|
    |mult_V_140_4_fu_774         |  16|   0|   16|          0|
    |mult_V_140_5_fu_870         |  16|   0|   16|          0|
    |mult_V_140_fu_390           |  16|   0|   16|          0|
    |mult_V_141_1_fu_490         |  16|   0|   16|          0|
    |mult_V_141_2_fu_586         |  16|   0|   16|          0|
    |mult_V_141_3_fu_682         |  16|   0|   16|          0|
    |mult_V_141_4_fu_778         |  16|   0|   16|          0|
    |mult_V_141_5_fu_874         |  16|   0|   16|          0|
    |mult_V_141_fu_394           |  16|   0|   16|          0|
    |mult_V_142_1_fu_494         |  16|   0|   16|          0|
    |mult_V_142_2_fu_590         |  16|   0|   16|          0|
    |mult_V_142_3_fu_686         |  16|   0|   16|          0|
    |mult_V_142_4_fu_782         |  16|   0|   16|          0|
    |mult_V_142_5_fu_878         |  16|   0|   16|          0|
    |mult_V_142_fu_398           |  16|   0|   16|          0|
    |mult_V_143_1_fu_498         |  16|   0|   16|          0|
    |mult_V_143_2_fu_594         |  16|   0|   16|          0|
    |mult_V_143_3_fu_690         |  16|   0|   16|          0|
    |mult_V_143_4_fu_786         |  16|   0|   16|          0|
    |mult_V_143_5_fu_882         |  16|   0|   16|          0|
    |mult_V_143_fu_402           |  16|   0|   16|          0|
    |or_ln41_1_reg_13756         |   5|   0|    8|          3|
    |or_ln41_2_reg_13765         |   5|   0|    8|          3|
    |or_ln41_3_reg_13774         |   5|   0|    8|          3|
    |or_ln41_4_reg_13783         |   5|   0|    8|          3|
    |or_ln41_5_reg_13792         |   5|   0|    8|          3|
    |or_ln41_6_reg_13801         |   5|   0|    8|          3|
    |or_ln41_reg_13747           |   5|   0|    8|          3|
    |res_pack_10_fu_1118         |  16|   0|   16|          0|
    |res_pack_11_fu_1122         |  16|   0|   16|          0|
    |res_pack_12_fu_1126         |  16|   0|   16|          0|
    |res_pack_13_fu_1130         |  16|   0|   16|          0|
    |res_pack_14_fu_1134         |  16|   0|   16|          0|
    |res_pack_15_fu_1138         |  16|   0|   16|          0|
    |res_pack_16_fu_1142         |  16|   0|   16|          0|
    |res_pack_17_fu_1146         |  16|   0|   16|          0|
    |res_pack_18_fu_1150         |  16|   0|   16|          0|
    |res_pack_19_fu_1154         |  16|   0|   16|          0|
    |res_pack_1_fu_1082          |  16|   0|   16|          0|
    |res_pack_20_fu_1158         |  16|   0|   16|          0|
    |res_pack_21_fu_1162         |  16|   0|   16|          0|
    |res_pack_22_fu_1166         |  16|   0|   16|          0|
    |res_pack_23_fu_1170         |  16|   0|   16|          0|
    |res_pack_2_fu_1086          |  16|   0|   16|          0|
    |res_pack_3_fu_1090          |  16|   0|   16|          0|
    |res_pack_4_fu_1094          |  16|   0|   16|          0|
    |res_pack_5_fu_1098          |  16|   0|   16|          0|
    |res_pack_6_fu_1102          |  16|   0|   16|          0|
    |res_pack_7_fu_1106          |  16|   0|   16|          0|
    |res_pack_8_fu_1110          |  16|   0|   16|          0|
    |res_pack_9_fu_1114          |  16|   0|   16|          0|
    |res_pack_fu_1078            |  16|   0|   16|          0|
    |select_ln54_reg_14617       |   5|   0|    5|          0|
    |start_once_reg              |   1|   0|    1|          0|
    |sub_ln41_reg_13650          |   5|   0|    8|          3|
    |sub_ln57_reg_14603          |   5|   0|    8|          3|
    |tmp_1_reg_14649             |  16|   0|   16|          0|
    |tmp_s_reg_14644             |  16|   0|   16|          0|
    |w22_V_load_10_reg_13940     |  13|   0|   13|          0|
    |w22_V_load_11_reg_13945     |  13|   0|   13|          0|
    |w22_V_load_12_reg_13950     |  13|   0|   13|          0|
    |w22_V_load_13_reg_13955     |  13|   0|   13|          0|
    |w22_V_load_14_reg_13960     |  13|   0|   13|          0|
    |w22_V_load_15_reg_13965     |  13|   0|   13|          0|
    |w22_V_load_16_reg_13970     |  13|   0|   13|          0|
    |w22_V_load_17_reg_13975     |  13|   0|   13|          0|
    |w22_V_load_18_reg_13980     |  13|   0|   13|          0|
    |w22_V_load_19_reg_13985     |  13|   0|   13|          0|
    |w22_V_load_1_reg_13895      |  13|   0|   13|          0|
    |w22_V_load_20_reg_13990     |  13|   0|   13|          0|
    |w22_V_load_21_reg_13995     |  13|   0|   13|          0|
    |w22_V_load_22_reg_14000     |  13|   0|   13|          0|
    |w22_V_load_23_reg_14005     |  13|   0|   13|          0|
    |w22_V_load_2_reg_13900      |  13|   0|   13|          0|
    |w22_V_load_3_reg_13905      |  13|   0|   13|          0|
    |w22_V_load_4_reg_13910      |  13|   0|   13|          0|
    |w22_V_load_5_reg_13915      |  13|   0|   13|          0|
    |w22_V_load_6_reg_13920      |  13|   0|   13|          0|
    |w22_V_load_7_reg_13925      |  13|   0|   13|          0|
    |w22_V_load_8_reg_13930      |  13|   0|   13|          0|
    |w22_V_load_9_reg_13935      |  13|   0|   13|          0|
    |w22_V_load_reg_13890        |  13|   0|   13|          0|
    |a_V_reg_13645               |  64|  32|   16|          0|
    |icmp_ln54_reg_14608         |  64|  32|    1|          0|
    |or_ln41_1_reg_13756         |  64|  32|    8|          3|
    |or_ln41_2_reg_13765         |  64|  32|    8|          3|
    |or_ln41_3_reg_13774         |  64|  32|    8|          3|
    |or_ln41_4_reg_13783         |  64|  32|    8|          3|
    |or_ln41_5_reg_13792         |  64|  32|    8|          3|
    |or_ln41_6_reg_13801         |  64|  32|    8|          3|
    |or_ln41_reg_13747           |  64|  32|    8|          3|
    |select_ln54_reg_14617       |  64|  32|    5|          0|
    |sub_ln41_reg_13650          |  64|  32|    8|          3|
    +----------------------------+----+----+-----+-----------+
    |Total                       |5192| 352| 4649|         99|
    +----------------------------+----+----+-----+-----------+



================================================================
== Interface
================================================================
* Summary: 
+---------------------+-----+-----+------------+--------------------------------------------------------------------+--------------+
|      RTL Ports      | Dir | Bits|  Protocol  |                            Source Object                           |    C Type    |
+---------------------+-----+-----+------------+--------------------------------------------------------------------+--------------+
|ap_clk               |   in|    1|  ap_ctrl_hs|  dense<array<ap_fixed,6u>,array<ap_fixed<16,6,5,3,0>,24u>,config22>|  return value|
|ap_rst               |   in|    1|  ap_ctrl_hs|  dense<array<ap_fixed,6u>,array<ap_fixed<16,6,5,3,0>,24u>,config22>|  return value|
|ap_start             |   in|    1|  ap_ctrl_hs|  dense<array<ap_fixed,6u>,array<ap_fixed<16,6,5,3,0>,24u>,config22>|  return value|
|start_full_n         |   in|    1|  ap_ctrl_hs|  dense<array<ap_fixed,6u>,array<ap_fixed<16,6,5,3,0>,24u>,config22>|  return value|
|ap_done              |  out|    1|  ap_ctrl_hs|  dense<array<ap_fixed,6u>,array<ap_fixed<16,6,5,3,0>,24u>,config22>|  return value|
|ap_continue          |   in|    1|  ap_ctrl_hs|  dense<array<ap_fixed,6u>,array<ap_fixed<16,6,5,3,0>,24u>,config22>|  return value|
|ap_idle              |  out|    1|  ap_ctrl_hs|  dense<array<ap_fixed,6u>,array<ap_fixed<16,6,5,3,0>,24u>,config22>|  return value|
|ap_ready             |  out|    1|  ap_ctrl_hs|  dense<array<ap_fixed,6u>,array<ap_fixed<16,6,5,3,0>,24u>,config22>|  return value|
|start_out            |  out|    1|  ap_ctrl_hs|  dense<array<ap_fixed,6u>,array<ap_fixed<16,6,5,3,0>,24u>,config22>|  return value|
|start_write          |  out|    1|  ap_ctrl_hs|  dense<array<ap_fixed,6u>,array<ap_fixed<16,6,5,3,0>,24u>,config22>|  return value|
|layer21_out_dout     |   in|   96|     ap_fifo|                                                         layer21_out|       pointer|
|layer21_out_empty_n  |   in|    1|     ap_fifo|                                                         layer21_out|       pointer|
|layer21_out_read     |  out|    1|     ap_fifo|                                                         layer21_out|       pointer|
|layer22_out_din      |  out|  384|     ap_fifo|                                                         layer22_out|       pointer|
|layer22_out_full_n   |   in|    1|     ap_fifo|                                                         layer22_out|       pointer|
|layer22_out_write    |  out|    1|     ap_fifo|                                                         layer22_out|       pointer|
+---------------------+-----+-----+------------+--------------------------------------------------------------------+--------------+

