

================================================================
== Vitis HLS Report for 'shift_line_buffer_array_ap_fixed_16_6_5_3_0_3u_config2_s'
================================================================
* Date:           Mon Oct 21 14:06:36 2024

* Version:        2020.2 (Build 3064766 on Wed Nov 18 09:12:47 MST 2020)
* Project:        myproject_prj
* Solution:       solution1 (Vivado IP Flow Target)
* Product family: zynq
* Target device:  xc7z020-clg484-1


================================================================
== Performance Estimates
================================================================
+ Timing: 
    * Summary: 
    +--------+---------+----------+------------+
    |  Clock |  Target | Estimated| Uncertainty|
    +--------+---------+----------+------------+
    |ap_clk  |  5.00 ns|  3.234 ns|     0.62 ns|
    +--------+---------+----------+------------+

+ Latency: 
    * Summary: 
    +---------+---------+----------+----------+-----+-----+---------+
    |  Latency (cycles) |  Latency (absolute) |  Interval | Pipeline|
    |   min   |   max   |    min   |    max   | min | max |   Type  |
    +---------+---------+----------+----------+-----+-----+---------+
    |        0|        0|      0 ns|      0 ns|    1|    1|      yes|
    +---------+---------+----------+----------+-----+-----+---------+

    + Detail: 
        * Instance: 
        N/A

        * Loop: 
        N/A



================================================================
== Utilization Estimates
================================================================
* Summary: 
+-----------------+---------+-----+--------+-------+-----+
|       Name      | BRAM_18K| DSP |   FF   |  LUT  | URAM|
+-----------------+---------+-----+--------+-------+-----+
|DSP              |        -|    -|       -|      -|    -|
|Expression       |        -|    -|       -|      -|    -|
|FIFO             |        -|    -|       -|      -|    -|
|Instance         |        -|    -|       -|      -|    -|
|Memory           |        -|    -|     384|    192|    -|
|Multiplexer      |        -|    -|       -|    162|    -|
|Register         |        -|    -|       1|      -|    -|
+-----------------+---------+-----+--------+-------+-----+
|Total            |        0|    0|     385|    354|    0|
+-----------------+---------+-----+--------+-------+-----+
|Available        |      280|  220|  106400|  53200|    0|
+-----------------+---------+-----+--------+-------+-----+
|Utilization (%)  |        0|    0|      ~0|     ~0|    0|
+-----------------+---------+-----+--------+-------+-----+

+ Detail: 
    * Instance: 
    N/A

    * DSP: 
    N/A

    * Memory: 
    +---------------------------+----------------------------------------------------------------------------------+---------+----+----+-----+------+-----+------+-------------+
    |           Memory          |                                      Module                                      | BRAM_18K| FF | LUT| URAM| Words| Bits| Banks| W*Bits*Banks|
    +---------------------------+----------------------------------------------------------------------------------+---------+----+----+-----+------+-----+------+-------------+
    |line_buffer_Array_6_0_0_U  |shift_line_buffer_array_ap_fixed_16_6_5_3_0_3u_config2_s_line_buffer_Array_6_bkb  |        0|  64|  32|    0|    64|   16|     1|         1024|
    |line_buffer_Array_6_1_0_U  |shift_line_buffer_array_ap_fixed_16_6_5_3_0_3u_config2_s_line_buffer_Array_6_bkb  |        0|  64|  32|    0|    64|   16|     1|         1024|
    |line_buffer_Array_6_0_1_U  |shift_line_buffer_array_ap_fixed_16_6_5_3_0_3u_config2_s_line_buffer_Array_6_bkb  |        0|  64|  32|    0|    64|   16|     1|         1024|
    |line_buffer_Array_6_1_1_U  |shift_line_buffer_array_ap_fixed_16_6_5_3_0_3u_config2_s_line_buffer_Array_6_bkb  |        0|  64|  32|    0|    64|   16|     1|         1024|
    |line_buffer_Array_6_0_2_U  |shift_line_buffer_array_ap_fixed_16_6_5_3_0_3u_config2_s_line_buffer_Array_6_bkb  |        0|  64|  32|    0|    64|   16|     1|         1024|
    |line_buffer_Array_6_1_2_U  |shift_line_buffer_array_ap_fixed_16_6_5_3_0_3u_config2_s_line_buffer_Array_6_bkb  |        0|  64|  32|    0|    64|   16|     1|         1024|
    +---------------------------+----------------------------------------------------------------------------------+---------+----+----+-----+------+-----+------+-------------+
    |Total                      |                                                                                  |        0| 384| 192|    0|   384|   96|     6|         6144|
    +---------------------------+----------------------------------------------------------------------------------+---------+----+----+-----+------+-----+------+-------------+

    * FIFO: 
    N/A

    * Expression: 
    N/A

    * Multiplexer: 
    +----------------------+----+-----------+-----+-----------+
    |         Name         | LUT| Input Size| Bits| Total Bits|
    +----------------------+----+-----------+-----+-----------+
    |kernel_data_V_6_12_o  |   9|          2|   16|         32|
    |kernel_data_V_6_13_o  |   9|          2|   16|         32|
    |kernel_data_V_6_14_o  |   9|          2|   16|         32|
    |kernel_data_V_6_15_o  |   9|          2|   16|         32|
    |kernel_data_V_6_16_o  |   9|          2|   16|         32|
    |kernel_data_V_6_17_o  |   9|          2|   16|         32|
    |kernel_data_V_6_21_o  |   9|          2|   16|         32|
    |kernel_data_V_6_22_o  |   9|          2|   16|         32|
    |kernel_data_V_6_23_o  |   9|          2|   16|         32|
    |kernel_data_V_6_24_o  |   9|          2|   16|         32|
    |kernel_data_V_6_25_o  |   9|          2|   16|         32|
    |kernel_data_V_6_26_o  |   9|          2|   16|         32|
    |kernel_data_V_6_3_o   |   9|          2|   16|         32|
    |kernel_data_V_6_4_o   |   9|          2|   16|         32|
    |kernel_data_V_6_5_o   |   9|          2|   16|         32|
    |kernel_data_V_6_6_o   |   9|          2|   16|         32|
    |kernel_data_V_6_7_o   |   9|          2|   16|         32|
    |kernel_data_V_6_8_o   |   9|          2|   16|         32|
    +----------------------+----+-----------+-----+-----------+
    |Total                 | 162|         36|  288|        576|
    +----------------------+----+-----------+-----+-----------+

    * Register: 
    +-----------+---+----+-----+-----------+
    |    Name   | FF| LUT| Bits| Const Bits|
    +-----------+---+----+-----+-----------+
    |ap_CS_fsm  |  1|   0|    1|          0|
    +-----------+---+----+-----+-----------+
    |Total      |  1|   0|    1|          0|
    +-----------+---+----+-----+-----------+



================================================================
== Interface
================================================================
* Summary: 
+-----------------------------+-----+-----+------------+-----------------------------------------------------------------+--------------+
|          RTL Ports          | Dir | Bits|  Protocol  |                          Source Object                          |    C Type    |
+-----------------------------+-----+-----+------------+-----------------------------------------------------------------+--------------+
|ap_clk                       |   in|    1|  ap_ctrl_hs|  shift_line_buffer<array<ap_fixed<16, 6, 5, 3, 0>, 3u>, config2>|  return value|
|ap_rst                       |   in|    1|  ap_ctrl_hs|  shift_line_buffer<array<ap_fixed<16, 6, 5, 3, 0>, 3u>, config2>|  return value|
|ap_start                     |   in|    1|  ap_ctrl_hs|  shift_line_buffer<array<ap_fixed<16, 6, 5, 3, 0>, 3u>, config2>|  return value|
|ap_done                      |  out|    1|  ap_ctrl_hs|  shift_line_buffer<array<ap_fixed<16, 6, 5, 3, 0>, 3u>, config2>|  return value|
|ap_idle                      |  out|    1|  ap_ctrl_hs|  shift_line_buffer<array<ap_fixed<16, 6, 5, 3, 0>, 3u>, config2>|  return value|
|ap_ready                     |  out|    1|  ap_ctrl_hs|  shift_line_buffer<array<ap_fixed<16, 6, 5, 3, 0>, 3u>, config2>|  return value|
|ap_ce                        |   in|    1|  ap_ctrl_hs|  shift_line_buffer<array<ap_fixed<16, 6, 5, 3, 0>, 3u>, config2>|  return value|
|p_read                       |   in|   16|     ap_none|                                                           p_read|        scalar|
|p_read1                      |   in|   16|     ap_none|                                                          p_read1|        scalar|
|p_read2                      |   in|   16|     ap_none|                                                          p_read2|        scalar|
|kernel_data_V_6_3_i          |   in|   16|     ap_ovld|                                                kernel_data_V_6_3|       pointer|
|kernel_data_V_6_3_o          |  out|   16|     ap_ovld|                                                kernel_data_V_6_3|       pointer|
|kernel_data_V_6_3_o_ap_vld   |  out|    1|     ap_ovld|                                                kernel_data_V_6_3|       pointer|
|kernel_data_V_6_0            |  out|   16|      ap_vld|                                                kernel_data_V_6_0|       pointer|
|kernel_data_V_6_0_ap_vld     |  out|    1|      ap_vld|                                                kernel_data_V_6_0|       pointer|
|kernel_data_V_6_4_i          |   in|   16|     ap_ovld|                                                kernel_data_V_6_4|       pointer|
|kernel_data_V_6_4_o          |  out|   16|     ap_ovld|                                                kernel_data_V_6_4|       pointer|
|kernel_data_V_6_4_o_ap_vld   |  out|    1|     ap_ovld|                                                kernel_data_V_6_4|       pointer|
|kernel_data_V_6_1            |  out|   16|      ap_vld|                                                kernel_data_V_6_1|       pointer|
|kernel_data_V_6_1_ap_vld     |  out|    1|      ap_vld|                                                kernel_data_V_6_1|       pointer|
|kernel_data_V_6_5_i          |   in|   16|     ap_ovld|                                                kernel_data_V_6_5|       pointer|
|kernel_data_V_6_5_o          |  out|   16|     ap_ovld|                                                kernel_data_V_6_5|       pointer|
|kernel_data_V_6_5_o_ap_vld   |  out|    1|     ap_ovld|                                                kernel_data_V_6_5|       pointer|
|kernel_data_V_6_2            |  out|   16|      ap_vld|                                                kernel_data_V_6_2|       pointer|
|kernel_data_V_6_2_ap_vld     |  out|    1|      ap_vld|                                                kernel_data_V_6_2|       pointer|
|kernel_data_V_6_12_i         |   in|   16|     ap_ovld|                                               kernel_data_V_6_12|       pointer|
|kernel_data_V_6_12_o         |  out|   16|     ap_ovld|                                               kernel_data_V_6_12|       pointer|
|kernel_data_V_6_12_o_ap_vld  |  out|    1|     ap_ovld|                                               kernel_data_V_6_12|       pointer|
|kernel_data_V_6_9            |  out|   16|      ap_vld|                                                kernel_data_V_6_9|       pointer|
|kernel_data_V_6_9_ap_vld     |  out|    1|      ap_vld|                                                kernel_data_V_6_9|       pointer|
|kernel_data_V_6_13_i         |   in|   16|     ap_ovld|                                               kernel_data_V_6_13|       pointer|
|kernel_data_V_6_13_o         |  out|   16|     ap_ovld|                                               kernel_data_V_6_13|       pointer|
|kernel_data_V_6_13_o_ap_vld  |  out|    1|     ap_ovld|                                               kernel_data_V_6_13|       pointer|
|kernel_data_V_6_10           |  out|   16|      ap_vld|                                               kernel_data_V_6_10|       pointer|
|kernel_data_V_6_10_ap_vld    |  out|    1|      ap_vld|                                               kernel_data_V_6_10|       pointer|
|kernel_data_V_6_14_i         |   in|   16|     ap_ovld|                                               kernel_data_V_6_14|       pointer|
|kernel_data_V_6_14_o         |  out|   16|     ap_ovld|                                               kernel_data_V_6_14|       pointer|
|kernel_data_V_6_14_o_ap_vld  |  out|    1|     ap_ovld|                                               kernel_data_V_6_14|       pointer|
|kernel_data_V_6_11           |  out|   16|      ap_vld|                                               kernel_data_V_6_11|       pointer|
|kernel_data_V_6_11_ap_vld    |  out|    1|      ap_vld|                                               kernel_data_V_6_11|       pointer|
|kernel_data_V_6_21_i         |   in|   16|     ap_ovld|                                               kernel_data_V_6_21|       pointer|
|kernel_data_V_6_21_o         |  out|   16|     ap_ovld|                                               kernel_data_V_6_21|       pointer|
|kernel_data_V_6_21_o_ap_vld  |  out|    1|     ap_ovld|                                               kernel_data_V_6_21|       pointer|
|kernel_data_V_6_18           |  out|   16|      ap_vld|                                               kernel_data_V_6_18|       pointer|
|kernel_data_V_6_18_ap_vld    |  out|    1|      ap_vld|                                               kernel_data_V_6_18|       pointer|
|kernel_data_V_6_22_i         |   in|   16|     ap_ovld|                                               kernel_data_V_6_22|       pointer|
|kernel_data_V_6_22_o         |  out|   16|     ap_ovld|                                               kernel_data_V_6_22|       pointer|
|kernel_data_V_6_22_o_ap_vld  |  out|    1|     ap_ovld|                                               kernel_data_V_6_22|       pointer|
|kernel_data_V_6_19           |  out|   16|      ap_vld|                                               kernel_data_V_6_19|       pointer|
|kernel_data_V_6_19_ap_vld    |  out|    1|      ap_vld|                                               kernel_data_V_6_19|       pointer|
|kernel_data_V_6_23_i         |   in|   16|     ap_ovld|                                               kernel_data_V_6_23|       pointer|
|kernel_data_V_6_23_o         |  out|   16|     ap_ovld|                                               kernel_data_V_6_23|       pointer|
|kernel_data_V_6_23_o_ap_vld  |  out|    1|     ap_ovld|                                               kernel_data_V_6_23|       pointer|
|kernel_data_V_6_20           |  out|   16|      ap_vld|                                               kernel_data_V_6_20|       pointer|
|kernel_data_V_6_20_ap_vld    |  out|    1|      ap_vld|                                               kernel_data_V_6_20|       pointer|
|kernel_data_V_6_6_i          |   in|   16|     ap_ovld|                                                kernel_data_V_6_6|       pointer|
|kernel_data_V_6_6_o          |  out|   16|     ap_ovld|                                                kernel_data_V_6_6|       pointer|
|kernel_data_V_6_6_o_ap_vld   |  out|    1|     ap_ovld|                                                kernel_data_V_6_6|       pointer|
|kernel_data_V_6_7_i          |   in|   16|     ap_ovld|                                                kernel_data_V_6_7|       pointer|
|kernel_data_V_6_7_o          |  out|   16|     ap_ovld|                                                kernel_data_V_6_7|       pointer|
|kernel_data_V_6_7_o_ap_vld   |  out|    1|     ap_ovld|                                                kernel_data_V_6_7|       pointer|
|kernel_data_V_6_8_i          |   in|   16|     ap_ovld|                                                kernel_data_V_6_8|       pointer|
|kernel_data_V_6_8_o          |  out|   16|     ap_ovld|                                                kernel_data_V_6_8|       pointer|
|kernel_data_V_6_8_o_ap_vld   |  out|    1|     ap_ovld|                                                kernel_data_V_6_8|       pointer|
|kernel_data_V_6_15_i         |   in|   16|     ap_ovld|                                               kernel_data_V_6_15|       pointer|
|kernel_data_V_6_15_o         |  out|   16|     ap_ovld|                                               kernel_data_V_6_15|       pointer|
|kernel_data_V_6_15_o_ap_vld  |  out|    1|     ap_ovld|                                               kernel_data_V_6_15|       pointer|
|kernel_data_V_6_16_i         |   in|   16|     ap_ovld|                                               kernel_data_V_6_16|       pointer|
|kernel_data_V_6_16_o         |  out|   16|     ap_ovld|                                               kernel_data_V_6_16|       pointer|
|kernel_data_V_6_16_o_ap_vld  |  out|    1|     ap_ovld|                                               kernel_data_V_6_16|       pointer|
|kernel_data_V_6_17_i         |   in|   16|     ap_ovld|                                               kernel_data_V_6_17|       pointer|
|kernel_data_V_6_17_o         |  out|   16|     ap_ovld|                                               kernel_data_V_6_17|       pointer|
|kernel_data_V_6_17_o_ap_vld  |  out|    1|     ap_ovld|                                               kernel_data_V_6_17|       pointer|
|kernel_data_V_6_24_i         |   in|   16|     ap_ovld|                                               kernel_data_V_6_24|       pointer|
|kernel_data_V_6_24_o         |  out|   16|     ap_ovld|                                               kernel_data_V_6_24|       pointer|
|kernel_data_V_6_24_o_ap_vld  |  out|    1|     ap_ovld|                                               kernel_data_V_6_24|       pointer|
|kernel_data_V_6_25_i         |   in|   16|     ap_ovld|                                               kernel_data_V_6_25|       pointer|
|kernel_data_V_6_25_o         |  out|   16|     ap_ovld|                                               kernel_data_V_6_25|       pointer|
|kernel_data_V_6_25_o_ap_vld  |  out|    1|     ap_ovld|                                               kernel_data_V_6_25|       pointer|
|kernel_data_V_6_26_i         |   in|   16|     ap_ovld|                                               kernel_data_V_6_26|       pointer|
|kernel_data_V_6_26_o         |  out|   16|     ap_ovld|                                               kernel_data_V_6_26|       pointer|
|kernel_data_V_6_26_o_ap_vld  |  out|    1|     ap_ovld|                                               kernel_data_V_6_26|       pointer|
+-----------------------------+-----+-----+------------+-----------------------------------------------------------------+--------------+

