

================================================================
== Vitis HLS Report for 'softmax_stable_array_array_ap_fixed_16_6_5_3_0_4u_softmax_config28_s'
================================================================
* Date:           Mon Oct 21 14:06:49 2024

* Version:        2020.2 (Build 3064766 on Wed Nov 18 09:12:47 MST 2020)
* Project:        myproject_prj
* Solution:       solution1 (Vivado IP Flow Target)
* Product family: zynq
* Target device:  xc7z020-clg484-1


================================================================
== Performance Estimates
================================================================
+ Timing: 
    * Summary: 
    +--------+---------+----------+------------+
    |  Clock |  Target | Estimated| Uncertainty|
    +--------+---------+----------+------------+
    |ap_clk  |  5.00 ns|  4.213 ns|     0.62 ns|
    +--------+---------+----------+------------+

+ Latency: 
    * Summary: 
    +---------+---------+-----------+-----------+-----+-----+---------+
    |  Latency (cycles) |   Latency (absolute)  |  Interval | Pipeline|
    |   min   |   max   |    min    |    max    | min | max |   Type  |
    +---------+---------+-----------+-----------+-----+-----+---------+
    |       11|       11|  55.000 ns|  55.000 ns|   11|   11|     none|
    +---------+---------+-----------+-----------+-----+-----+---------+

    + Detail: 
        * Instance: 
        N/A

        * Loop: 
        N/A



================================================================
== Utilization Estimates
================================================================
* Summary: 
+-----------------+---------+-----+--------+-------+-----+
|       Name      | BRAM_18K| DSP |   FF   |  LUT  | URAM|
+-----------------+---------+-----+--------+-------+-----+
|DSP              |        -|    -|       -|      -|    -|
|Expression       |        -|    -|       0|    466|    -|
|FIFO             |        -|    -|       -|      -|    -|
|Instance         |        -|    4|     300|      8|    -|
|Memory           |        4|    -|       0|      0|    -|
|Multiplexer      |        -|    -|       -|     83|    -|
|Register         |        -|    -|     248|      -|    -|
+-----------------+---------+-----+--------+-------+-----+
|Total            |        4|    4|     548|    557|    0|
+-----------------+---------+-----+--------+-------+-----+
|Available        |      280|  220|  106400|  53200|    0|
+-----------------+---------+-----+--------+-------+-----+
|Utilization (%)  |        1|    1|      ~0|      1|    0|
+-----------------+---------+-----+--------+-------+-----+

+ Detail: 
    * Instance: 
    +--------------------------+---------------------+---------+----+----+----+-----+
    |         Instance         |        Module       | BRAM_18K| DSP| FF | LUT| URAM|
    +--------------------------+---------------------+---------+----+----+----+-----+
    |mul_18s_17ns_26_2_1_U429  |mul_18s_17ns_26_2_1  |        0|   1|  75|   2|    0|
    |mul_18s_17ns_26_2_1_U430  |mul_18s_17ns_26_2_1  |        0|   1|  75|   2|    0|
    |mul_18s_17ns_26_2_1_U431  |mul_18s_17ns_26_2_1  |        0|   1|  75|   2|    0|
    |mul_18s_17ns_26_2_1_U432  |mul_18s_17ns_26_2_1  |        0|   1|  75|   2|    0|
    +--------------------------+---------------------+---------+----+----+----+-----+
    |Total                     |                     |        0|   4| 300|   8|    0|
    +--------------------------+---------------------+---------+----+----+----+-----+

    * DSP: 
    N/A

    * Memory: 
    +----------------+----------------------------------------------------------------------------------+---------+---+----+-----+------+-----+------+-------------+
    |     Memory     |                                      Module                                      | BRAM_18K| FF| LUT| URAM| Words| Bits| Banks| W*Bits*Banks|
    +----------------+----------------------------------------------------------------------------------+---------+---+----+-----+------+-----+------+-------------+
    |exp_table_U     |softmax_stable_array_array_ap_fixed_16_6_5_3_0_4u_softmax_config28_s_exp_table    |        3|  0|   0|    0|  1024|   17|     1|        17408|
    |invert_table_U  |softmax_stable_array_array_ap_fixed_16_6_5_3_0_4u_softmax_config28_s_invert_tBew  |        1|  0|   0|    0|  1024|   18|     1|        18432|
    +----------------+----------------------------------------------------------------------------------+---------+---+----+-----+------+-----+------+-------------+
    |Total           |                                                                                  |        4|  0|   0|    0|  2048|   35|     2|        35840|
    +----------------+----------------------------------------------------------------------------------+---------+---+----+-----+------+-----+------+-------------+

    * FIFO: 
    N/A

    * Expression: 
    +--------------------------+----------+----+---+----+------------+------------+
    |       Variable Name      | Operation| DSP| FF| LUT| Bitwidth P0| Bitwidth P1|
    +--------------------------+----------+----+---+----+------------+------------+
    |add_ln746_1_fu_661_p2     |         +|   0|  0|  24|          17|          17|
    |add_ln746_fu_631_p2       |         +|   0|  0|  24|          17|          17|
    |p_Val2_10_fu_685_p2       |         +|   0|  0|  25|          18|          18|
    |p_Val2_8_fu_625_p2        |         +|   0|  0|  25|          18|          18|
    |p_Val2_9_fu_655_p2        |         +|   0|  0|  25|          18|          18|
    |ret_V_1_fu_367_p2         |         -|   0|  0|  24|          17|          17|
    |ret_V_2_fu_410_p2         |         -|   0|  0|  24|          17|          17|
    |ret_V_3_fu_453_p2         |         -|   0|  0|  24|          17|          17|
    |ret_V_fu_324_p2           |         -|   0|  0|  24|          17|          17|
    |overflow_1_fu_395_p2      |       and|   0|  0|   2|           1|           1|
    |overflow_2_fu_438_p2      |       and|   0|  0|   2|           1|           1|
    |overflow_3_fu_481_p2      |       and|   0|  0|   2|           1|           1|
    |overflow_fu_352_p2        |       and|   0|  0|   2|           1|           1|
    |icmp_ln1496_1_fu_274_p2   |      icmp|   0|  0|  13|          16|          16|
    |icmp_ln1496_2_fu_300_p2   |      icmp|   0|  0|  13|          16|          16|
    |icmp_ln1496_fu_270_p2     |      icmp|   0|  0|  13|          16|          16|
    |ap_block_state1           |        or|   0|  0|   2|           1|           1|
    |lhs_fu_643_p3             |    select|   0|  0|  17|           1|           2|
    |rhs_fu_673_p3             |    select|   0|  0|  17|           1|           2|
    |select_ln384_1_fu_519_p3  |    select|   0|  0|  11|           1|           9|
    |select_ln384_2_fu_545_p3  |    select|   0|  0|  11|           1|           9|
    |select_ln384_3_fu_571_p3  |    select|   0|  0|  11|           1|           9|
    |select_ln384_fu_493_p3    |    select|   0|  0|  11|           1|           9|
    |select_ln65_1_fu_294_p3   |    select|   0|  0|  16|           1|          16|
    |select_ln65_fu_283_p3     |    select|   0|  0|  16|           1|          16|
    |x_max_V_fu_311_p3         |    select|   0|  0|  16|           1|          16|
    |y_1_fu_537_p3             |    select|   0|  0|  10|           1|          10|
    |y_2_fu_563_p3             |    select|   0|  0|  10|           1|          10|
    |y_3_fu_589_p3             |    select|   0|  0|  10|           1|          10|
    |y_4_fu_709_p3             |    select|   0|  0|  10|           1|           9|
    |y_fu_511_p3               |    select|   0|  0|  10|           1|          10|
    |xor_ln1496_1_fu_289_p2    |       xor|   0|  0|   2|           1|           2|
    |xor_ln1496_2_fu_306_p2    |       xor|   0|  0|   2|           1|           2|
    |xor_ln1496_fu_278_p2      |       xor|   0|  0|   2|           1|           2|
    |xor_ln340_1_fu_401_p2     |       xor|   0|  0|   2|           1|           1|
    |xor_ln340_2_fu_444_p2     |       xor|   0|  0|   2|           1|           1|
    |xor_ln340_3_fu_487_p2     |       xor|   0|  0|   2|           1|           1|
    |xor_ln340_fu_358_p2       |       xor|   0|  0|   2|           1|           1|
    |xor_ln785_1_fu_389_p2     |       xor|   0|  0|   2|           1|           2|
    |xor_ln785_2_fu_432_p2     |       xor|   0|  0|   2|           1|           2|
    |xor_ln785_3_fu_475_p2     |       xor|   0|  0|   2|           1|           2|
    |xor_ln785_fu_346_p2       |       xor|   0|  0|   2|           1|           2|
    +--------------------------+----------+----+---+----+------------+------------+
    |Total                     |          |   0|  0| 466|         234|         364|
    +--------------------------+----------+----+---+----+------------+------------+

    * Multiplexer: 
    +---------------------------+----+-----------+-----+-----------+
    |            Name           | LUT| Input Size| Bits| Total Bits|
    +---------------------------+----+-----------+-----+-----------+
    |ap_NS_fsm                  |  65|         13|    1|         13|
    |data_blk_n                 |   9|          2|    1|          2|
    |layer28_out_V_TDATA_blk_n  |   9|          2|    1|          2|
    +---------------------------+----+-----------+-----+-----------+
    |Total                      |  83|         17|    3|         17|
    +---------------------------+----+-----------+-----+-----------+

    * Register: 
    +-----------------------+----+----+-----+-----------+
    |          Name         | FF | LUT| Bits| Const Bits|
    +-----------------------+----+----+-----+-----------+
    |ap_CS_fsm              |  12|   0|   12|          0|
    |exp_res_V_0_reg_889    |  17|   0|   17|          0|
    |exp_res_V_1_reg_896    |  17|   0|   17|          0|
    |exp_res_V_2_reg_903    |  17|   0|   17|          0|
    |exp_res_V_3_reg_910    |  17|   0|   17|          0|
    |icmp_ln1496_1_reg_829  |   1|   0|    1|          0|
    |icmp_ln1496_2_reg_844  |   1|   0|    1|          0|
    |icmp_ln1496_reg_824    |   1|   0|    1|          0|
    |inv_exp_sum_V_reg_932  |  18|   0|   18|          0|
    |p_Result_17_reg_917    |   1|   0|    1|          0|
    |select_ln65_1_reg_839  |  16|   0|   16|          0|
    |select_ln65_reg_834    |  16|   0|   16|          0|
    |tmp_1_reg_803          |  16|   0|   16|          0|
    |tmp_2_reg_810          |  16|   0|   16|          0|
    |tmp_3_reg_817          |  16|   0|   16|          0|
    |tmp_8_reg_922          |  10|   0|   10|          0|
    |tmp_reg_796            |  16|   0|   16|          0|
    |y_1_reg_854            |  10|   0|   10|          0|
    |y_2_reg_859            |  10|   0|   10|          0|
    |y_3_reg_864            |  10|   0|   10|          0|
    |y_reg_849              |  10|   0|   10|          0|
    +-----------------------+----+----+-----+-----------+
    |Total                  | 248|   0|  248|          0|
    +-----------------------+----+----+-----+-----------+



================================================================
== Interface
================================================================
* Summary: 
+----------------------+-----+-----+------------+-----------------------------------------------------------------------+--------------+
|       RTL Ports      | Dir | Bits|  Protocol  |                             Source Object                             |    C Type    |
+----------------------+-----+-----+------------+-----------------------------------------------------------------------+--------------+
|ap_clk                |   in|    1|  ap_ctrl_hs|  softmax_stable<array,array<ap_fixed<16,6,5,3,0>,4u>,softmax_config28>|  return value|
|ap_rst                |   in|    1|  ap_ctrl_hs|  softmax_stable<array,array<ap_fixed<16,6,5,3,0>,4u>,softmax_config28>|  return value|
|ap_start              |   in|    1|  ap_ctrl_hs|  softmax_stable<array,array<ap_fixed<16,6,5,3,0>,4u>,softmax_config28>|  return value|
|ap_done               |  out|    1|  ap_ctrl_hs|  softmax_stable<array,array<ap_fixed<16,6,5,3,0>,4u>,softmax_config28>|  return value|
|ap_idle               |  out|    1|  ap_ctrl_hs|  softmax_stable<array,array<ap_fixed<16,6,5,3,0>,4u>,softmax_config28>|  return value|
|ap_ready              |  out|    1|  ap_ctrl_hs|  softmax_stable<array,array<ap_fixed<16,6,5,3,0>,4u>,softmax_config28>|  return value|
|data_dout             |   in|   64|     ap_fifo|                                                                   data|       pointer|
|data_empty_n          |   in|    1|     ap_fifo|                                                                   data|       pointer|
|data_read             |  out|    1|     ap_fifo|                                                                   data|       pointer|
|layer28_out_V_TDATA   |  out|   64|        axis|                                                          layer28_out_V|       pointer|
|layer28_out_V_TVALID  |  out|    1|        axis|                                                          layer28_out_V|       pointer|
|layer28_out_V_TREADY  |   in|    1|        axis|                                                          layer28_out_V|       pointer|
+----------------------+-----+-----+------------+-----------------------------------------------------------------------+--------------+

